MPLINK 4.37, Linker
Linker Map File - Created Fri Dec 09 10:55:53 2011

                                 Section Info
                  Section       Type    Address   Location Size(Bytes)
                ---------  ---------  ---------  ---------  ---------
               _entry_scn       code   0x000000    program   0x000006
    REMAPPED_RESET_VECTOR       code   0x001000    program   0x000006
REMAPPED_HIGH_INTERRUPT_VECTOR       code   0x001008    program   0x000006
REMAPPED_LOW_INTERRUPT_VECTOR       code   0x001018    program   0x000006
                   .cinit    romdata   0x00102a    program   0x000032
       .code_usb_device.o       code   0x00105c    program   0x001054
      .code_piccolo_usb.o       code   0x0020b0    program   0x0007a4
         .code_cdc-demo.o       code   0x002854    program   0x00048a
 .code_usb_function_cdc.o       code   0x002cde    program   0x00044e
.romdata_usb_descriptors.o    romdata   0x00312c    program   0x0000c9
        .idata_t2open.o_i    romdata   0x0031f5    program   0x000000
        .romdata_t1open.o    romdata   0x0031f5    program   0x000000
        .idata_t1open.o_i    romdata   0x0031f5    program   0x000000
       .romdata_pw1open.o    romdata   0x0031f5    program   0x000000
       .idata_pw1open.o_i    romdata   0x0031f5    program   0x000000
      .romdata_i2c_open.o    romdata   0x0031f5    program   0x000000
      .idata_i2c_open.o_i    romdata   0x0031f5    program   0x000000
       .romdata_cp1open.o    romdata   0x0031f5    program   0x000000
       .idata_cp1open.o_i    romdata   0x0031f5    program   0x000000
      .romdata_i2c_idle.o    romdata   0x0031f5    program   0x000000
      .idata_i2c_idle.o_i    romdata   0x0031f5    program   0x000000
       .romdata_fxm3232.o    romdata   0x0031f5    program   0x000000
       .idata_fxm3232.o_i    romdata   0x0031f5    program   0x000000
      .romdata_fxd3232u.o    romdata   0x0031f5    program   0x000000
      .idata_fxd3232u.o_i    romdata   0x0031f5    program   0x000000
       .romdata_adcconv.o    romdata   0x0031f5    program   0x000000
       .idata_adcconv.o_i    romdata   0x0031f5    program   0x000000
       .romdata_t1close.o    romdata   0x0031f5    program   0x000000
        .romdata___init.o    romdata   0x0031f5    program   0x000000
        .idata___init.o_i    romdata   0x0031f5    program   0x000000
      .romdata_i2c_writ.o    romdata   0x0031f5    program   0x000000
      .idata_i2c_writ.o_i    romdata   0x0031f5    program   0x000000
     .romdata_tmrccpsrc.o    romdata   0x0031f5    program   0x000000
     .idata_tmrccpsrc.o_i    romdata   0x0031f5    program   0x000000
      .romdata_pw1setdc.o    romdata   0x0031f5    program   0x000000
      .idata_pw1setdc.o_i    romdata   0x0031f5    program   0x000000
      .romdata_i2c_read.o    romdata   0x0031f5    program   0x000000
      .idata_i2c_read.o_i    romdata   0x0031f5    program   0x000000
      .romdata_cap18def.o    romdata   0x0031f5    program   0x000000
      .idata_cap18def.o_i    romdata   0x0031f5    program   0x000000
        .romdata_stderr.o    romdata   0x0031f5    program   0x000000
        .romdata_stdout.o    romdata   0x0031f5    program   0x000000
       .romdata_cp1read.o    romdata   0x0031f5    program   0x000000
       .idata_cp1read.o_i    romdata   0x0031f5    program   0x000000
       .romdata_adcread.o    romdata   0x0031f5    program   0x000000
       .idata_adcread.o_i    romdata   0x0031f5    program   0x000000
        .romdata_t2open.o    romdata   0x0031f5    program   0x000000
         .idata_c018i.o_i    romdata   0x0031f5    program   0x000000
         .romdata_c018i.o    romdata   0x0031f5    program   0x000000
.idata_usb_descriptors.o_i    romdata   0x0031f5    program   0x000000
.idata_usb_function_cdc.o_i    romdata   0x0031f5    program   0x000000
.romdata_usb_function_cdc.o    romdata   0x0031f5    program   0x000000
    .idata_usb_device.o_i    romdata   0x0031f5    program   0x000000
    .romdata_usb_device.o    romdata   0x0031f5    program   0x000000
   .romdata_piccolo_usb.o    romdata   0x0031f5    program   0x000000
      .romdata_cdc-demo.o    romdata   0x0031f5    program   0x000000
       .idata_adcbusy.o_i    romdata   0x0031f5    program   0x000000
       .romdata_adcbusy.o    romdata   0x0031f5    program   0x000000
       .idata_t1close.o_i    romdata   0x0031f5    program   0x000000
      .idata_cp1close.o_i    romdata   0x0031f5    program   0x000000
      .romdata_cp1close.o    romdata   0x0031f5    program   0x000000
      .romdata_i2c_clos.o    romdata   0x0031f5    program   0x000000
      .idata_i2c_clos.o_i    romdata   0x0031f5    program   0x000000
           .code_stdout.o       code   0x0031f6    program   0x000000
           .code_stderr.o       code   0x0031f6    program   0x000000
            .code_c018i.o       code   0x0031f6    program   0x000000
               _cinit_scn       code   0x0031f6    program   0x00009e
  .code_usb_descriptors.o       code   0x0031f6    program   0x000000
         .code_cap18def.o       code   0x0031f6    program   0x000000
         .code_i2c_writ.o       code   0x003294    program   0x000072
          .code_fxm3232.o       code   0x003306    program   0x000070
                     PROG       code   0x003376    program   0x000068
         .code_pw1setdc.o       code   0x0033de    program   0x00005e
          .code_pw1open.o       code   0x00343c    program   0x000048
         .code_fxd3232u.o       code   0x003484    program   0x000048
          .code_cp1read.o       code   0x0034cc    program   0x000046
           .code_t1open.o       code   0x003512    program   0x000042
           .code_t2open.o       code   0x003554    program   0x000036
         .code_i2c_open.o       code   0x00358a    program   0x000036
                   STRING       code   0x0035c0    program   0x000034
          .code_cp1open.o       code   0x0035f4    program   0x000030
        .code_tmrccpsrc.o       code   0x003624    program   0x00002c
                    .code       code   0x003650    program   0x000020
             _startup_scn       code   0x003670    program   0x00001c
         .code_i2c_read.o       code   0x00368c    program   0x00001a
          .code_adcread.o       code   0x0036a6    program   0x000012
         .code_i2c_idle.o       code   0x0036b8    program   0x00000e
          .code_adcbusy.o       code   0x0036c6    program   0x00000a
          .code_t1close.o       code   0x0036d0    program   0x000006
         .code_cp1close.o       code   0x0036d6    program   0x000006
         .code_i2c_clos.o       code   0x0036dc    program   0x000004
          .code_adcconv.o       code   0x0036e0    program   0x000004
           .code___init.o       code   0x0036e4    program   0x000002
        .idata_stdout.o_i    romdata   0x0036e6    program   0x000002
        .idata_stderr.o_i    romdata   0x0036e8    program   0x000002
   .idata_piccolo_usb.o_i    romdata   0x0036ea    program   0x000006
      .idata_cdc-demo.o_i    romdata   0x0036f0    program   0x000004
.config_300000_cdc-demo.o    romdata   0x300000    program   0x000001
.config_300001_cdc-demo.o    romdata   0x300001    program   0x000001
.config_300002_cdc-demo.o    romdata   0x300002    program   0x000001
.config_300003_cdc-demo.o    romdata   0x300003    program   0x000001
.config_300005_cdc-demo.o    romdata   0x300005    program   0x000001
.config_300006_cdc-demo.o    romdata   0x300006    program   0x000001
.config_300008_cdc-demo.o    romdata   0x300008    program   0x000001
.config_300009_cdc-demo.o    romdata   0x300009    program   0x000001
.config_30000a_cdc-demo.o    romdata   0x30000a    program   0x000001
.config_30000b_cdc-demo.o    romdata   0x30000b    program   0x000001
.config_30000c_cdc-demo.o    romdata   0x30000c    program   0x000001
.config_30000d_cdc-demo.o    romdata   0x30000d    program   0x000001
                MATH_DATA      udata   0x000000       data   0x000010
                 .tmpdata      udata   0x000010       data   0x000006
                   .stack      udata   0x000060       data   0x000080
        .udata_cdc-demo.o      udata   0x0000e0       data   0x00001b
        .idata_cdc-demo.o      idata   0x0000fb       data   0x000004
        .udata_cap18def.o      udata   0x0000ff       data   0x000001
     .udata_piccolo_usb.o      udata   0x000100       data   0x00008f
      .udata_usb_device.o      udata   0x00018f       data   0x000036
.udata_usb_function_cdc.o      udata   0x0001c5       data   0x000019
           .udata_c018i.o      udata   0x0001de       data   0x00000a
     .idata_piccolo_usb.o      idata   0x0001e8       data   0x000006
          .idata_stdout.o      idata   0x0001ee       data   0x000002
          .idata_stderr.o      idata   0x0001f0       data   0x000002
         .udata_pw1open.o      udata   0x0001f2       data   0x000000
         .idata_pw1open.o      idata   0x0001f2       data   0x000000
          .udata_t1open.o      udata   0x0001f2       data   0x000000
        .idata_i2c_open.o      idata   0x0001f2       data   0x000000
          .idata_t1open.o      idata   0x0001f2       data   0x000000
          .udata_t2open.o      udata   0x0001f2       data   0x000000
          .idata_t2open.o      idata   0x0001f2       data   0x000000
         .udata_adcread.o      udata   0x0001f2       data   0x000000
         .idata_adcread.o      idata   0x0001f2       data   0x000000
         .udata_cp1read.o      udata   0x0001f2       data   0x000000
         .idata_cp1read.o      idata   0x0001f2       data   0x000000
        .idata_cap18def.o      idata   0x0001f2       data   0x000000
        .udata_i2c_read.o      udata   0x0001f2       data   0x000000
        .idata_i2c_read.o      idata   0x0001f2       data   0x000000
        .udata_pw1setdc.o      udata   0x0001f2       data   0x000000
        .idata_pw1setdc.o      idata   0x0001f2       data   0x000000
       .udata_tmrccpsrc.o      udata   0x0001f2       data   0x000000
       .idata_tmrccpsrc.o      idata   0x0001f2       data   0x000000
        .udata_i2c_writ.o      udata   0x0001f2       data   0x000000
        .idata_i2c_writ.o      idata   0x0001f2       data   0x000000
          .udata___init.o      udata   0x0001f2       data   0x000000
          .idata___init.o      idata   0x0001f2       data   0x000000
          .udata_stderr.o      udata   0x0001f2       data   0x000000
          .udata_stdout.o      udata   0x0001f2       data   0x000000
           .idata_c018i.o      idata   0x0001f2       data   0x000000
 .udata_usb_descriptors.o      udata   0x0001f2       data   0x000000
 .idata_usb_descriptors.o      idata   0x0001f2       data   0x000000
.idata_usb_function_cdc.o      idata   0x0001f2       data   0x000000
      .idata_usb_device.o      idata   0x0001f2       data   0x000000
         .udata_adcbusy.o      udata   0x0001f2       data   0x000000
         .idata_adcbusy.o      idata   0x0001f2       data   0x000000
        .udata_cp1close.o      udata   0x0001f2       data   0x000000
        .idata_cp1close.o      idata   0x0001f2       data   0x000000
        .udata_i2c_clos.o      udata   0x0001f2       data   0x000000
        .idata_i2c_clos.o      idata   0x0001f2       data   0x000000
         .udata_t1close.o      udata   0x0001f2       data   0x000000
         .idata_t1close.o      idata   0x0001f2       data   0x000000
         .udata_adcconv.o      udata   0x0001f2       data   0x000000
         .idata_adcconv.o      idata   0x0001f2       data   0x000000
        .udata_fxd3232u.o      udata   0x0001f2       data   0x000000
        .idata_fxd3232u.o      idata   0x0001f2       data   0x000000
         .udata_fxm3232.o      udata   0x0001f2       data   0x000000
         .idata_fxm3232.o      idata   0x0001f2       data   0x000000
        .udata_i2c_idle.o      udata   0x0001f2       data   0x000000
        .idata_i2c_idle.o      idata   0x0001f2       data   0x000000
         .udata_cp1open.o      udata   0x0001f2       data   0x000000
         .idata_cp1open.o      idata   0x0001f2       data   0x000000
        .udata_i2c_open.o      udata   0x0001f2       data   0x000000
                  USB_BDT      udata   0x000200       data   0x000050
                  usbram2      udata   0x000250       data   0x00008f
              SFR_BANKED0      udata   0x000f53       data   0x00000d
            SFR_UNBANKED0      udata   0x000f60       data   0x0000a0



                              Program Memory Usage 
                               Start         End      
                           ---------   ---------      
                            0x000000    0x000005      
                            0x001000    0x001005      
                            0x001008    0x00100d      
                            0x001018    0x00101d      
                            0x00102a    0x0031f4      
                            0x0031f6    0x0036f3      
                            0x300000    0x300003      
                            0x300005    0x300006      
                            0x300008    0x30000d      
            9965 out of 16664 program addresses used, program memory utilization is 59%



                              Symbols - Sorted by Name
                     Name    Address   Location    Storage File                     
                ---------  ---------  ---------  --------- ---------                
           BlinkUSBStatus   0x0026aa    program     extern E:\DAQ projekt\PIC18\common\piccolo_usb.c
                  BusyADC   0x0036c6    program     extern C:\Program Files\Microchip\MCC18\src\pmc_common\ADC\adcbusy.c
                CDCInitEP   0x002d7a    program     extern E:\DAQ projekt\PIC18\Microchip\USB\CDC Device Driver\usb_function_cdc.c
             CDCTxService   0x002fde    program     extern E:\DAQ projekt\PIC18\Microchip\USB\CDC Device Driver\usb_function_cdc.c
            CloseCapture1   0x0036d6    program     extern C:\Program Files\Microchip\MCC18\src\pmc_common\CCP\cp1close.c
                 CloseI2C   0x0036dc    program     extern C:\Program Files\Microchip\MCC18\src\pmc_common\i2c\i2c_clos.c
              CloseTimer1   0x0036d0    program     extern C:\Program Files\Microchip\MCC18\src\pmc_common\Timers\t1close.c
               ConvertADC   0x0036e0    program     extern C:\Program Files\Microchip\MCC18\src\pmc_common\ADC\adcconv.c
                   D3232S   0x0033a6    program     static C:\Program Files\Microchip\MCC18\src\traditional\math\fxd3232s.asm
                D3232SNEG   0x0033b4    program     static C:\Program Files\Microchip\MCC18\src\traditional\math\fxd3232s.asm
                 D3232SOK   0x0033b0    program     static C:\Program Files\Microchip\MCC18\src\traditional\math\fxd3232s.asm
                  D3232SX   0x0033d4    program     static C:\Program Files\Microchip\MCC18\src\traditional\math\fxd3232s.asm
                  DA3232S   0x003390    program     static C:\Program Files\Microchip\MCC18\src\traditional\math\fxd3232s.asm
                 FXD3232S   0x003376    program     extern C:\Program Files\Microchip\MCC18\src\traditional\math\fxd3232s.asm
                 FXD3232U   0x003484    program     extern C:\Program Files\Microchip\MCC18\src\traditional\math\fxd3232u.c
                  FXM3232   0x003306    program     extern C:\Program Files\Microchip\MCC18\src\traditional\math\fxm3232.c
                 I2Crutin   0x002ca6    program     extern E:\DAQ projekt\PIC18\usb\cdc-demo.c
                  IdleI2C   0x0036b8    program     extern C:\Program Files\Microchip\MCC18\src\pmc_common\i2c\i2c_idle.c
         InitializeSystem   0x002614    program     extern E:\DAQ projekt\PIC18\common\piccolo_usb.c
             OpenCapture1   0x0035f4    program     extern C:\Program Files\Microchip\MCC18\src\pmc_common\CCP\cp1open.c
                  OpenI2C   0x00358a    program     extern C:\Program Files\Microchip\MCC18\src\pmc_common\i2c\i2c_open.c
                 OpenPWM1   0x00343c    program     extern C:\Program Files\Microchip\MCC18\src\pmc_common\PWM\pw1open.c
         OpenPWM1ConfigIO   0x003466    program     extern C:\Program Files\Microchip\MCC18\src\pmc_common\PWM\pw1open.c
               OpenTimer1   0x003512    program     extern C:\Program Files\Microchip\MCC18\src\pmc_common\Timers\t1open.c
               OpenTimer2   0x003554    program     extern C:\Program Files\Microchip\MCC18\src\pmc_common\Timers\t2open.c
                ProcessIO   0x00263c    program     extern E:\DAQ projekt\PIC18\common\piccolo_usb.c
                  ReadADC   0x0036a6    program     extern C:\Program Files\Microchip\MCC18\src\pmc_common\ADC\adcread.c
             ReadCapture1   0x0034cc    program     extern C:\Program Files\Microchip\MCC18\src\pmc_common\CCP\cp1read.c
                  ReadI2C   0x00368c    program     extern C:\Program Files\Microchip\MCC18\src\pmc_common\i2c\i2c_read.c
                  ReadPOT   0x002728    program     extern E:\DAQ projekt\PIC18\common\piccolo_usb.c
        Remapped_High_ISR   0x001008    program     extern E:\DAQ projekt\PIC18\include\piccolo_all.h
         Remapped_Low_ISR   0x001018    program     extern E:\DAQ projekt\PIC18\include\piccolo_all.h
                SetDCPWM1   0x0033de    program     extern C:\Program Files\Microchip\MCC18\src\pmc_common\PWM\pw1setdc.c
             SetTmrCCPSrc   0x003624    program     extern C:\Program Files\Microchip\MCC18\src\pmc_common\Timers\tmrccpsrc.c
       USBCBCheckOtherReq   0x002798    program     extern E:\DAQ projekt\PIC18\common\piccolo_usb.c
        USBCBErrorHandler   0x002796    program     extern E:\DAQ projekt\PIC18\common\piccolo_usb.c
              USBCBInitEP   0x00279e    program     extern E:\DAQ projekt\PIC18\common\piccolo_usb.c
          USBCBSendResume   0x0027a2    program     extern E:\DAQ projekt\PIC18\common\piccolo_usb.c
    USBCBStdSetDscHandler   0x00279c    program     extern E:\DAQ projekt\PIC18\common\piccolo_usb.c
             USBCBSuspend   0x002790    program     extern E:\DAQ projekt\PIC18\common\piccolo_usb.c
     USBCBWakeFromSuspend   0x002792    program     extern E:\DAQ projekt\PIC18\common\piccolo_usb.c
        USBCB_SOF_Handler   0x002794    program     extern E:\DAQ projekt\PIC18\common\piccolo_usb.c
       USBCheckCDCRequest   0x002cde    program     extern E:\DAQ projekt\PIC18\Microchip\USB\CDC Device Driver\usb_function_cdc.c
       USBCheckStdRequest   0x0015ca    program     extern E:\DAQ projekt\PIC18\Microchip\USB\usb_device.c
    USBClearInterruptFlag   0x002048    program     extern E:\DAQ projekt\PIC18\Microchip\USB\usb_device.c
     USBConfigureEndpoint   0x001d58    program     extern E:\DAQ projekt\PIC18\Microchip\USB\usb_device.c
         USBCtrlEPService   0x001360    program     extern E:\DAQ projekt\PIC18\Microchip\USB\usb_device.c
 USBCtrlEPServiceComplete   0x0018f6    program     extern E:\DAQ projekt\PIC18\Microchip\USB\usb_device.c
      USBCtrlTrfInHandler   0x0014cc    program     extern E:\DAQ projekt\PIC18\Microchip\USB\usb_device.c
     USBCtrlTrfOutHandler   0x001480    program     extern E:\DAQ projekt\PIC18\Microchip\USB\usb_device.c
      USBCtrlTrfRxService   0x001bac    program     extern E:\DAQ projekt\PIC18\Microchip\USB\usb_device.c
   USBCtrlTrfSetupHandler   0x00143a    program     extern E:\DAQ projekt\PIC18\Microchip\USB\usb_device.c
      USBCtrlTrfTxService   0x001a9a    program     extern E:\DAQ projekt\PIC18\Microchip\USB\usb_device.c
          USBDeviceAttach   0x002080    program     extern E:\DAQ projekt\PIC18\Microchip\USB\usb_device.c
          USBDeviceDetach   0x00207e    program     extern E:\DAQ projekt\PIC18\Microchip\USB\usb_device.c
            USBDeviceInit   0x00105c    program     extern E:\DAQ projekt\PIC18\Microchip\USB\usb_device.c
           USBDeviceTasks   0x001110    program     extern E:\DAQ projekt\PIC18\Microchip\USB\usb_device.c
        USBEnableEndpoint   0x001e22    program     extern E:\DAQ projekt\PIC18\Microchip\USB\usb_device.c
USBPrepareForNextSetupTrf   0x001566    program     extern E:\DAQ projekt\PIC18\Microchip\USB\usb_device.c
         USBStallEndpoint   0x001e8e    program     extern E:\DAQ projekt\PIC18\Microchip\USB\usb_device.c
          USBStallHandler   0x0012a2    program     extern E:\DAQ projekt\PIC18\Microchip\USB\usb_device.c
  USBStdFeatureReqHandler   0x001688    program     extern E:\DAQ projekt\PIC18\Microchip\USB\usb_device.c
      USBStdGetDscHandler   0x001794    program     extern E:\DAQ projekt\PIC18\Microchip\USB\usb_device.c
   USBStdGetStatusHandler   0x001842    program     extern E:\DAQ projekt\PIC18\Microchip\USB\usb_device.c
      USBStdSetCfgHandler   0x001ce6    program     extern E:\DAQ projekt\PIC18\Microchip\USB\usb_device.c
               USBSuspend   0x0012ea    program     extern E:\DAQ projekt\PIC18\Microchip\USB\usb_device.c
     USBTransferOnePacket   0x001f6a    program     extern E:\DAQ projekt\PIC18\Microchip\USB\usb_device.c
       USBWakeFromSuspend   0x001322    program     extern E:\DAQ projekt\PIC18\Microchip\USB\usb_device.c
               USB_CD_Ptr   0x0031ed    program     extern E:\DAQ projekt\PIC18\common\usb_descriptors.c
               USB_SD_Ptr   0x0031ef    program     extern E:\DAQ projekt\PIC18\common\usb_descriptors.c
USER_USB_CALLBACK_EVENT_HANDLER   0x0027be    program     extern E:\DAQ projekt\PIC18\common\piccolo_usb.c
                 WriteI2C   0x003294    program     extern C:\Program Files\Microchip\MCC18\src\pmc_common\i2c\i2c_writ.c
              _2jContinue   0x0035e0    program     static C:\Program Files\Microchip\MCC18\src\traditional\stdclib\memset.asm
                   _3jEnd   0x0035ea    program     static C:\Program Files\Microchip\MCC18\src\traditional\stdclib\memset.asm
       ___case_1_lbl00095   0x002842    program     static                          
      ___case_21_lbl00088   0x002826    program     static                          
      ___case_22_lbl00089   0x00282a    program     static                          
      ___case_23_lbl00090   0x00282e    program     static                          
       ___case_2_lbl00091   0x002832    program     static                          
       ___case_3_lbl00093   0x00283a    program     static                          
       ___case_4_lbl00092   0x002836    program     static                          
   ___case_65535_lbl00094   0x00283e    program     static                          
      ___default_lbl00096   0x002846    program     static                          
       ___return_lbl00000   0x0034ca    program     static                          
       ___return_lbl00000   0x001004    program     static                          
       ___return_lbl00000   0x000004    program     static                          
       ___return_lbl00000   0x003374    program     static                          
       ___return_lbl00001   0x00368a    program     static                          
       ___return_lbl00001   0x00100c    program     static                          
       ___return_lbl00002   0x00101c    program     static                          
       ___return_lbl00002   0x003292    program     static                          
       ___return_lbl00086   0x00284c    program     static                          
   ___switchexit_lbl00087   0x002848    program     static                          
               __config_0   0x300000    program     static E:\DAQ projekt\PIC18\usb\cdc-demo.c
               __config_1   0x300001    program     static E:\DAQ projekt\PIC18\usb\cdc-demo.c
              __config_10   0x30000c    program     static E:\DAQ projekt\PIC18\usb\cdc-demo.c
              __config_11   0x30000d    program     static E:\DAQ projekt\PIC18\usb\cdc-demo.c
               __config_2   0x300002    program     static E:\DAQ projekt\PIC18\usb\cdc-demo.c
               __config_3   0x300003    program     static E:\DAQ projekt\PIC18\usb\cdc-demo.c
               __config_4   0x300005    program     static E:\DAQ projekt\PIC18\usb\cdc-demo.c
               __config_5   0x300006    program     static E:\DAQ projekt\PIC18\usb\cdc-demo.c
               __config_6   0x300008    program     static E:\DAQ projekt\PIC18\usb\cdc-demo.c
               __config_7   0x300009    program     static E:\DAQ projekt\PIC18\usb\cdc-demo.c
               __config_8   0x30000a    program     static E:\DAQ projekt\PIC18\usb\cdc-demo.c
               __config_9   0x30000b    program     static E:\DAQ projekt\PIC18\usb\cdc-demo.c
                   __init   0x0036e4    program     extern C:\Program Files\Microchip\MCC18\src\traditional\stdclib\__init.c
              __tmplbl_10   0x0027f0    program     static                          
              __tmplbl_11   0x0027fa    program     static                          
              __tmplbl_12   0x002804    program     static                          
              __tmplbl_13   0x00280e    program     static                          
              __tmplbl_14   0x002818    program     static                          
              __tmplbl_15   0x002822    program     static                          
               __tmplbl_8   0x0027da    program     static                          
               __tmplbl_9   0x0027e6    program     static                          
            __zero_memory   0x003650    program     extern C:\Program Files\Microchip\MCC18\src\traditional\proc\p18F14K50.asm
                _do_cinit   0x0031f6    program     extern C:\Program Files\Microchip\MCC18\src\traditional\startup\c018i.c
                   _entry   0x000000    program     extern C:\Program Files\Microchip\MCC18\src\traditional\startup\c018i.c
                   _false   0x0034c6    program     static                          
                   _reset   0x001000    program     extern E:\DAQ projekt\PIC18\include\piccolo_all.h
                 _startup   0x003670    program     extern C:\Program Files\Microchip\MCC18\src\traditional\startup\c018i.c
               _user_putc   0x0020b0    program     extern E:\DAQ projekt\PIC18\common\piccolo_usb.c
                compare_l   0x003666    program     static C:\Program Files\Microchip\MCC18\src\traditional\proc\p18F14K50.asm
        configDescriptor1   0x00313e    program     extern E:\DAQ projekt\PIC18\common\usb_descriptors.c
                copy_loop   0x003268    program     static                          
            copy_one_byte   0x00326e    program     static                          
                 delay_ms   0x00259c    program     extern E:\DAQ projekt\PIC18\common\piccolo_usb.c
               device_dsc   0x00312c    program     extern E:\DAQ projekt\PIC18\common\usb_descriptors.c
                     done   0x003292    program     static                          
             done_copying   0x00327c    program     static                          
                  get2hex   0x002516    program     extern E:\DAQ projekt\PIC18\common\piccolo_usb.c
                  get4hex   0x002342    program     extern E:\DAQ projekt\PIC18\common\piccolo_usb.c
             getsUSBUSART   0x002de2    program     extern E:\DAQ projekt\PIC18\Microchip\USB\CDC Device Driver\usb_function_cdc.c
                   hi_isr   0x002854    program     extern E:\DAQ projekt\PIC18\usb\cdc-demo.c
                     jEnd   0x0035f2    program     static C:\Program Files\Microchip\MCC18\src\traditional\stdclib\memset.asm
                    jLoop   0x0035d4    program     static C:\Program Files\Microchip\MCC18\src\traditional\stdclib\memset.asm
                   lo_isr   0x0028ea    program     extern E:\DAQ projekt\PIC18\usb\cdc-demo.c
                     loop   0x003680    program     static                          
                     loop   0x003492    program     static                          
                   loop_h   0x00365e    program     static C:\Program Files\Microchip\MCC18\src\traditional\proc\p18F14K50.asm
                   loop_l   0x003668    program     static C:\Program Files\Microchip\MCC18\src\traditional\proc\p18F14K50.asm
                     main   0x00290c    program     extern E:\DAQ projekt\PIC18\usb\cdc-demo.c
                   memset   0x0035c0    program     extern C:\Program Files\Microchip\MCC18\src\traditional\stdclib\memset.asm
                  out4hex   0x0023fe    program     extern E:\DAQ projekt\PIC18\common\piccolo_usb.c
                outString   0x0020f2    program     extern E:\DAQ projekt\PIC18\common\piccolo_usb.c
                   outdec   0x00215c    program     extern E:\DAQ projekt\PIC18\common\piccolo_usb.c
              putUSBUSART   0x002ea2    program     extern E:\DAQ projekt\PIC18\Microchip\USB\CDC Device Driver\usb_function_cdc.c
            putrsUSBUSART   0x002f58    program     extern E:\DAQ projekt\PIC18\Microchip\USB\CDC Device Driver\usb_function_cdc.c
             putsUSBUSART   0x002ed4    program     extern E:\DAQ projekt\PIC18\Microchip\USB\CDC Device Driver\usb_function_cdc.c
                    sd000   0x003181    program     extern E:\DAQ projekt\PIC18\common\usb_descriptors.c
                    sd001   0x003185    program     extern E:\DAQ projekt\PIC18\common\usb_descriptors.c
                    sd002   0x0031b9    program     extern E:\DAQ projekt\PIC18\common\usb_descriptors.c
                     test   0x003210    program     static                          
             usb_cdc_getc   0x00213e    program     extern E:\DAQ projekt\PIC18\common\piccolo_usb.c
               zero_block   0x00365e    program     static C:\Program Files\Microchip\MCC18\src\traditional\proc\p18F14K50.asm
                   ADCON0   0x000fc2       data     extern C:\Program Files\Microchip\MCC18\src\traditional\proc\p18F14K50.asm
               ADCON0bits   0x000fc2       data     extern C:\Program Files\Microchip\MCC18\src\traditional\proc\p18F14K50.asm
                   ADCON1   0x000fc1       data     extern C:\Program Files\Microchip\MCC18\src\traditional\proc\p18F14K50.asm
               ADCON1bits   0x000fc1       data     extern C:\Program Files\Microchip\MCC18\src\traditional\proc\p18F14K50.asm
                   ADCON2   0x000fc0       data     extern C:\Program Files\Microchip\MCC18\src\traditional\proc\p18F14K50.asm
               ADCON2bits   0x000fc0       data     extern C:\Program Files\Microchip\MCC18\src\traditional\proc\p18F14K50.asm
                    ADRES   0x000fc3       data     extern C:\Program Files\Microchip\MCC18\src\traditional\proc\p18F14K50.asm
                   ADRESH   0x000fc4       data     extern C:\Program Files\Microchip\MCC18\src\traditional\proc\p18F14K50.asm
                   ADRESL   0x000fc3       data     extern C:\Program Files\Microchip\MCC18\src\traditional\proc\p18F14K50.asm
                    ANSEL   0x000f7e       data     extern C:\Program Files\Microchip\MCC18\src\traditional\proc\p18F14K50.asm
                   ANSELH   0x000f7f       data     extern C:\Program Files\Microchip\MCC18\src\traditional\proc\p18F14K50.asm
               ANSELHbits   0x000f7f       data     extern C:\Program Files\Microchip\MCC18\src\traditional\proc\p18F14K50.asm
                ANSELbits   0x000f7e       data     extern C:\Program Files\Microchip\MCC18\src\traditional\proc\p18F14K50.asm
                  BAUDCON   0x000fb8       data     extern C:\Program Files\Microchip\MCC18\src\traditional\proc\p18F14K50.asm
              BAUDCONbits   0x000fb8       data     extern C:\Program Files\Microchip\MCC18\src\traditional\proc\p18F14K50.asm
                  BAUDCTL   0x000fb8       data     extern C:\Program Files\Microchip\MCC18\src\traditional\proc\p18F14K50.asm
              BAUDCTLbits   0x000fb8       data     extern C:\Program Files\Microchip\MCC18\src\traditional\proc\p18F14K50.asm
                      BDT   0x000200       data     extern E:\DAQ projekt\PIC18\Microchip\USB\usb_device.c
                      BSR   0x000fe0       data     extern C:\Program Files\Microchip\MCC18\src\traditional\proc\p18F14K50.asm
              BaudRateGen   0x0001d2       data     extern E:\DAQ projekt\PIC18\Microchip\USB\CDC Device Driver\usb_function_cdc.c
   BlinkUSBStatus_enabled   0x0001eb       data     extern E:\DAQ projekt\PIC18\common\piccolo_usb.c
       BothEP0OutUOWNsSet   0x0001b8       data     extern E:\DAQ projekt\PIC18\Microchip\USB\usb_device.c
                 Buffercp   0x0001ea       data     extern E:\DAQ projekt\PIC18\common\piccolo_usb.c
                  CCP1CON   0x000fbd       data     extern C:\Program Files\Microchip\MCC18\src\traditional\proc\p18F14K50.asm
              CCP1CONbits   0x000fbd       data     extern C:\Program Files\Microchip\MCC18\src\traditional\proc\p18F14K50.asm
                    CCPR1   0x000fbe       data     extern C:\Program Files\Microchip\MCC18\src\traditional\proc\p18F14K50.asm
                   CCPR1H   0x000fbf       data     extern C:\Program Files\Microchip\MCC18\src\traditional\proc\p18F14K50.asm
                   CCPR1L   0x000fbe       data     extern C:\Program Files\Microchip\MCC18\src\traditional\proc\p18F14K50.asm
          CDCDataInHandle   0x0001cf       data     extern E:\DAQ projekt\PIC18\Microchip\USB\CDC Device Driver\usb_function_cdc.c
         CDCDataOutHandle   0x0001cd       data     extern E:\DAQ projekt\PIC18\Microchip\USB\CDC Device Driver\usb_function_cdc.c
                  CM1CON0   0x000f6d       data     extern C:\Program Files\Microchip\MCC18\src\traditional\proc\p18F14K50.asm
              CM1CON0bits   0x000f6d       data     extern C:\Program Files\Microchip\MCC18\src\traditional\proc\p18F14K50.asm
                  CM2CON0   0x000f6b       data     extern C:\Program Files\Microchip\MCC18\src\traditional\proc\p18F14K50.asm
              CM2CON0bits   0x000f6b       data     extern C:\Program Files\Microchip\MCC18\src\traditional\proc\p18F14K50.asm
                  CM2CON1   0x000f6c       data     extern C:\Program Files\Microchip\MCC18\src\traditional\proc\p18F14K50.asm
              CM2CON1bits   0x000f6c       data     extern C:\Program Files\Microchip\MCC18\src\traditional\proc\p18F14K50.asm
                CapStatus   0x0000ff       data     extern C:\Program Files\Microchip\MCC18\src\pmc_common\CCP\cap18def.c
              CtrlTrfData   0x000248       data     extern E:\DAQ projekt\PIC18\Microchip\USB\usb_device.c
                     DDRA   0x000f92       data     extern C:\Program Files\Microchip\MCC18\src\traditional\proc\p18F14K50.asm
                 DDRAbits   0x000f92       data     extern C:\Program Files\Microchip\MCC18\src\traditional\proc\p18F14K50.asm
                     DDRB   0x000f93       data     extern C:\Program Files\Microchip\MCC18\src\traditional\proc\p18F14K50.asm
                 DDRBbits   0x000f93       data     extern C:\Program Files\Microchip\MCC18\src\traditional\proc\p18F14K50.asm
                     DDRC   0x000f94       data     extern C:\Program Files\Microchip\MCC18\src\traditional\proc\p18F14K50.asm
                 DDRCbits   0x000f94       data     extern C:\Program Files\Microchip\MCC18\src\traditional\proc\p18F14K50.asm
                  ECCP1AS   0x000fb6       data     extern C:\Program Files\Microchip\MCC18\src\traditional\proc\p18F14K50.asm
              ECCP1ASbits   0x000fb6       data     extern C:\Program Files\Microchip\MCC18\src\traditional\proc\p18F14K50.asm
                    EEADR   0x000fa9       data     extern C:\Program Files\Microchip\MCC18\src\traditional\proc\p18F14K50.asm
                   EEADRH   0x000faa       data     extern C:\Program Files\Microchip\MCC18\src\traditional\proc\p18F14K50.asm
               EEADRHbits   0x000faa       data     extern C:\Program Files\Microchip\MCC18\src\traditional\proc\p18F14K50.asm
                EEADRbits   0x000fa9       data     extern C:\Program Files\Microchip\MCC18\src\traditional\proc\p18F14K50.asm
                   EECON1   0x000fa6       data     extern C:\Program Files\Microchip\MCC18\src\traditional\proc\p18F14K50.asm
               EECON1bits   0x000fa6       data     extern C:\Program Files\Microchip\MCC18\src\traditional\proc\p18F14K50.asm
                   EECON2   0x000fa7       data     extern C:\Program Files\Microchip\MCC18\src\traditional\proc\p18F14K50.asm
                   EEDATA   0x000fa8       data     extern C:\Program Files\Microchip\MCC18\src\traditional\proc\p18F14K50.asm
                     FSR0   0x000fe9       data     extern C:\Program Files\Microchip\MCC18\src\traditional\proc\p18F14K50.asm
                    FSR0H   0x000fea       data     extern C:\Program Files\Microchip\MCC18\src\traditional\proc\p18F14K50.asm
                    FSR0L   0x000fe9       data     extern C:\Program Files\Microchip\MCC18\src\traditional\proc\p18F14K50.asm
                     FSR1   0x000fe1       data     extern C:\Program Files\Microchip\MCC18\src\traditional\proc\p18F14K50.asm
                    FSR1H   0x000fe2       data     extern C:\Program Files\Microchip\MCC18\src\traditional\proc\p18F14K50.asm
                    FSR1L   0x000fe1       data     extern C:\Program Files\Microchip\MCC18\src\traditional\proc\p18F14K50.asm
                     FSR2   0x000fd9       data     extern C:\Program Files\Microchip\MCC18\src\traditional\proc\p18F14K50.asm
                    FSR2H   0x000fda       data     extern C:\Program Files\Microchip\MCC18\src\traditional\proc\p18F14K50.asm
                    FSR2L   0x000fd9       data     extern C:\Program Files\Microchip\MCC18\src\traditional\proc\p18F14K50.asm
               Fall_edge1   0x0000f2       data     extern E:\DAQ projekt\PIC18\usb\cdc-demo.c
                  I2CADAT   0x0000e2       data     extern E:\DAQ projekt\PIC18\usb\cdc-demo.c
             INCAPresult1   0x0000ea       data     extern E:\DAQ projekt\PIC18\usb\cdc-demo.c
             INCAPresult2   0x0000ec       data     extern E:\DAQ projekt\PIC18\usb\cdc-demo.c
                    INDF0   0x000fef       data     extern C:\Program Files\Microchip\MCC18\src\traditional\proc\p18F14K50.asm
                    INDF1   0x000fe7       data     extern C:\Program Files\Microchip\MCC18\src\traditional\proc\p18F14K50.asm
                    INDF2   0x000fdf       data     extern C:\Program Files\Microchip\MCC18\src\traditional\proc\p18F14K50.asm
                   INTCON   0x000ff2       data     extern C:\Program Files\Microchip\MCC18\src\traditional\proc\p18F14K50.asm
                  INTCON2   0x000ff1       data     extern C:\Program Files\Microchip\MCC18\src\traditional\proc\p18F14K50.asm
              INTCON2bits   0x000ff1       data     extern C:\Program Files\Microchip\MCC18\src\traditional\proc\p18F14K50.asm
                  INTCON3   0x000ff0       data     extern C:\Program Files\Microchip\MCC18\src\traditional\proc\p18F14K50.asm
              INTCON3bits   0x000ff0       data     extern C:\Program Files\Microchip\MCC18\src\traditional\proc\p18F14K50.asm
               INTCONbits   0x000ff2       data     extern C:\Program Files\Microchip\MCC18\src\traditional\proc\p18F14K50.asm
                     IOCA   0x000f79       data     extern C:\Program Files\Microchip\MCC18\src\traditional\proc\p18F14K50.asm
                 IOCAbits   0x000f79       data     extern C:\Program Files\Microchip\MCC18\src\traditional\proc\p18F14K50.asm
                     IOCB   0x000f7a       data     extern C:\Program Files\Microchip\MCC18\src\traditional\proc\p18F14K50.asm
                 IOCBbits   0x000f7a       data     extern C:\Program Files\Microchip\MCC18\src\traditional\proc\p18F14K50.asm
                     IPR1   0x000f9f       data     extern C:\Program Files\Microchip\MCC18\src\traditional\proc\p18F14K50.asm
                 IPR1bits   0x000f9f       data     extern C:\Program Files\Microchip\MCC18\src\traditional\proc\p18F14K50.asm
                     IPR2   0x000fa2       data     extern C:\Program Files\Microchip\MCC18\src\traditional\proc\p18F14K50.asm
                 IPR2bits   0x000fa2       data     extern C:\Program Files\Microchip\MCC18\src\traditional\proc\p18F14K50.asm
                     LATA   0x000f89       data     extern C:\Program Files\Microchip\MCC18\src\traditional\proc\p18F14K50.asm
                 LATAbits   0x000f89       data     extern C:\Program Files\Microchip\MCC18\src\traditional\proc\p18F14K50.asm
                     LATB   0x000f8a       data     extern C:\Program Files\Microchip\MCC18\src\traditional\proc\p18F14K50.asm
                 LATBbits   0x000f8a       data     extern C:\Program Files\Microchip\MCC18\src\traditional\proc\p18F14K50.asm
                     LATC   0x000f8b       data     extern C:\Program Files\Microchip\MCC18\src\traditional\proc\p18F14K50.asm
                 LATCbits   0x000f8b       data     extern C:\Program Files\Microchip\MCC18\src\traditional\proc\p18F14K50.asm
                   OSCCON   0x000fd3       data     extern C:\Program Files\Microchip\MCC18\src\traditional\proc\p18F14K50.asm
                  OSCCON2   0x000fd2       data     extern C:\Program Files\Microchip\MCC18\src\traditional\proc\p18F14K50.asm
              OSCCON2bits   0x000fd2       data     extern C:\Program Files\Microchip\MCC18\src\traditional\proc\p18F14K50.asm
               OSCCONbits   0x000fd3       data     extern C:\Program Files\Microchip\MCC18\src\traditional\proc\p18F14K50.asm
                  OSCTUNE   0x000f9b       data     extern C:\Program Files\Microchip\MCC18\src\traditional\proc\p18F14K50.asm
              OSCTUNEbits   0x000f9b       data     extern C:\Program Files\Microchip\MCC18\src\traditional\proc\p18F14K50.asm
                       PC   0x000ff9       data     extern C:\Program Files\Microchip\MCC18\src\traditional\proc\p18F14K50.asm
                      PCL   0x000ff9       data     extern C:\Program Files\Microchip\MCC18\src\traditional\proc\p18F14K50.asm
                   PCLATH   0x000ffa       data     extern C:\Program Files\Microchip\MCC18\src\traditional\proc\p18F14K50.asm
                   PCLATU   0x000ffb       data     extern C:\Program Files\Microchip\MCC18\src\traditional\proc\p18F14K50.asm
                     PIE1   0x000f9d       data     extern C:\Program Files\Microchip\MCC18\src\traditional\proc\p18F14K50.asm
                 PIE1bits   0x000f9d       data     extern C:\Program Files\Microchip\MCC18\src\traditional\proc\p18F14K50.asm
                     PIE2   0x000fa0       data     extern C:\Program Files\Microchip\MCC18\src\traditional\proc\p18F14K50.asm
                 PIE2bits   0x000fa0       data     extern C:\Program Files\Microchip\MCC18\src\traditional\proc\p18F14K50.asm
                     PIR1   0x000f9e       data     extern C:\Program Files\Microchip\MCC18\src\traditional\proc\p18F14K50.asm
                 PIR1bits   0x000f9e       data     extern C:\Program Files\Microchip\MCC18\src\traditional\proc\p18F14K50.asm
                     PIR2   0x000fa1       data     extern C:\Program Files\Microchip\MCC18\src\traditional\proc\p18F14K50.asm
                 PIR2bits   0x000fa1       data     extern C:\Program Files\Microchip\MCC18\src\traditional\proc\p18F14K50.asm
                   PLUSW0   0x000feb       data     extern C:\Program Files\Microchip\MCC18\src\traditional\proc\p18F14K50.asm
                   PLUSW1   0x000fe3       data     extern C:\Program Files\Microchip\MCC18\src\traditional\proc\p18F14K50.asm
                   PLUSW2   0x000fdb       data     extern C:\Program Files\Microchip\MCC18\src\traditional\proc\p18F14K50.asm
                    PORTA   0x000f80       data     extern C:\Program Files\Microchip\MCC18\src\traditional\proc\p18F14K50.asm
                PORTAbits   0x000f80       data     extern C:\Program Files\Microchip\MCC18\src\traditional\proc\p18F14K50.asm
                    PORTB   0x000f81       data     extern C:\Program Files\Microchip\MCC18\src\traditional\proc\p18F14K50.asm
                PORTBbits   0x000f81       data     extern C:\Program Files\Microchip\MCC18\src\traditional\proc\p18F14K50.asm
                    PORTC   0x000f82       data     extern C:\Program Files\Microchip\MCC18\src\traditional\proc\p18F14K50.asm
                PORTCbits   0x000f82       data     extern C:\Program Files\Microchip\MCC18\src\traditional\proc\p18F14K50.asm
                 POSTDEC0   0x000fed       data     extern C:\Program Files\Microchip\MCC18\src\traditional\proc\p18F14K50.asm
                 POSTDEC1   0x000fe5       data     extern C:\Program Files\Microchip\MCC18\src\traditional\proc\p18F14K50.asm
                 POSTDEC2   0x000fdd       data     extern C:\Program Files\Microchip\MCC18\src\traditional\proc\p18F14K50.asm
                 POSTINC0   0x000fee       data     extern C:\Program Files\Microchip\MCC18\src\traditional\proc\p18F14K50.asm
                 POSTINC1   0x000fe6       data     extern C:\Program Files\Microchip\MCC18\src\traditional\proc\p18F14K50.asm
                 POSTINC2   0x000fde       data     extern C:\Program Files\Microchip\MCC18\src\traditional\proc\p18F14K50.asm
                      PR2   0x000fcb       data     extern C:\Program Files\Microchip\MCC18\src\traditional\proc\p18F14K50.asm
                  PREINC0   0x000fec       data     extern C:\Program Files\Microchip\MCC18\src\traditional\proc\p18F14K50.asm
                  PREINC1   0x000fe4       data     extern C:\Program Files\Microchip\MCC18\src\traditional\proc\p18F14K50.asm
                  PREINC2   0x000fdc       data     extern C:\Program Files\Microchip\MCC18\src\traditional\proc\p18F14K50.asm
                     PROD   0x000ff3       data     extern C:\Program Files\Microchip\MCC18\src\traditional\proc\p18F14K50.asm
                    PRODH   0x000ff4       data     extern C:\Program Files\Microchip\MCC18\src\traditional\proc\p18F14K50.asm
                    PRODL   0x000ff3       data     extern C:\Program Files\Microchip\MCC18\src\traditional\proc\p18F14K50.asm
                  PSTRCON   0x000fb9       data     extern C:\Program Files\Microchip\MCC18\src\traditional\proc\p18F14K50.asm
              PSTRCONbits   0x000fb9       data     extern C:\Program Files\Microchip\MCC18\src\traditional\proc\p18F14K50.asm
                  PWM1CON   0x000fb7       data     extern C:\Program Files\Microchip\MCC18\src\traditional\proc\p18F14K50.asm
              PWM1CONbits   0x000fb7       data     extern C:\Program Files\Microchip\MCC18\src\traditional\proc\p18F14K50.asm
                     RCON   0x000fd0       data     extern C:\Program Files\Microchip\MCC18\src\traditional\proc\p18F14K50.asm
                 RCONbits   0x000fd0       data     extern C:\Program Files\Microchip\MCC18\src\traditional\proc\p18F14K50.asm
                    RCREG   0x000fae       data     extern C:\Program Files\Microchip\MCC18\src\traditional\proc\p18F14K50.asm
                    RCSTA   0x000fab       data     extern C:\Program Files\Microchip\MCC18\src\traditional\proc\p18F14K50.asm
                RCSTAbits   0x000fab       data     extern C:\Program Files\Microchip\MCC18\src\traditional\proc\p18F14K50.asm
                  REFCON0   0x000fba       data     extern C:\Program Files\Microchip\MCC18\src\traditional\proc\p18F14K50.asm
              REFCON0bits   0x000fba       data     extern C:\Program Files\Microchip\MCC18\src\traditional\proc\p18F14K50.asm
                  REFCON1   0x000fbb       data     extern C:\Program Files\Microchip\MCC18\src\traditional\proc\p18F14K50.asm
              REFCON1bits   0x000fbb       data     extern C:\Program Files\Microchip\MCC18\src\traditional\proc\p18F14K50.asm
                  REFCON2   0x000fbc       data     extern C:\Program Files\Microchip\MCC18\src\traditional\proc\p18F14K50.asm
              REFCON2bits   0x000fbc       data     extern C:\Program Files\Microchip\MCC18\src\traditional\proc\p18F14K50.asm
             RemoteWakeup   0x0001b6       data     extern E:\DAQ projekt\PIC18\Microchip\USB\usb_device.c
               Rise_edge1   0x0000f0       data     extern E:\DAQ projekt\PIC18\usb\cdc-demo.c
                     SIGN   0x000000       data     extern C:\Program Files\Microchip\MCC18\src\traditional\math\cmath18.asm
                   SLRCON   0x000f76       data     extern C:\Program Files\Microchip\MCC18\src\traditional\proc\p18F14K50.asm
               SLRCONbits   0x000f76       data     extern C:\Program Files\Microchip\MCC18\src\traditional\proc\p18F14K50.asm
                    SPBRG   0x000faf       data     extern C:\Program Files\Microchip\MCC18\src\traditional\proc\p18F14K50.asm
                   SPBRGH   0x000fb0       data     extern C:\Program Files\Microchip\MCC18\src\traditional\proc\p18F14K50.asm
                   SRCON0   0x000f68       data     extern C:\Program Files\Microchip\MCC18\src\traditional\proc\p18F14K50.asm
               SRCON0bits   0x000f68       data     extern C:\Program Files\Microchip\MCC18\src\traditional\proc\p18F14K50.asm
                   SRCON1   0x000f69       data     extern C:\Program Files\Microchip\MCC18\src\traditional\proc\p18F14K50.asm
               SRCON1bits   0x000f69       data     extern C:\Program Files\Microchip\MCC18\src\traditional\proc\p18F14K50.asm
                   SSPADD   0x000fc8       data     extern C:\Program Files\Microchip\MCC18\src\traditional\proc\p18F14K50.asm
                   SSPBUF   0x000fc9       data     extern C:\Program Files\Microchip\MCC18\src\traditional\proc\p18F14K50.asm
                  SSPCON1   0x000fc6       data     extern C:\Program Files\Microchip\MCC18\src\traditional\proc\p18F14K50.asm
              SSPCON1bits   0x000fc6       data     extern C:\Program Files\Microchip\MCC18\src\traditional\proc\p18F14K50.asm
                  SSPCON2   0x000fc5       data     extern C:\Program Files\Microchip\MCC18\src\traditional\proc\p18F14K50.asm
              SSPCON2bits   0x000fc5       data     extern C:\Program Files\Microchip\MCC18\src\traditional\proc\p18F14K50.asm
                   SSPMSK   0x000f6f       data     extern C:\Program Files\Microchip\MCC18\src\traditional\proc\p18F14K50.asm
               SSPMSKbits   0x000f6f       data     extern C:\Program Files\Microchip\MCC18\src\traditional\proc\p18F14K50.asm
                  SSPSTAT   0x000fc7       data     extern C:\Program Files\Microchip\MCC18\src\traditional\proc\p18F14K50.asm
              SSPSTATbits   0x000fc7       data     extern C:\Program Files\Microchip\MCC18\src\traditional\proc\p18F14K50.asm
                   STATUS   0x000fd8       data     extern C:\Program Files\Microchip\MCC18\src\traditional\proc\p18F14K50.asm
               STATUSbits   0x000fd8       data     extern C:\Program Files\Microchip\MCC18\src\traditional\proc\p18F14K50.asm
                   STKPTR   0x000ffc       data     extern C:\Program Files\Microchip\MCC18\src\traditional\proc\p18F14K50.asm
               STKPTRbits   0x000ffc       data     extern C:\Program Files\Microchip\MCC18\src\traditional\proc\p18F14K50.asm
                 SetupPkt   0x000240       data     extern E:\DAQ projekt\PIC18\Microchip\USB\usb_device.c
                    T0CON   0x000fd5       data     extern C:\Program Files\Microchip\MCC18\src\traditional\proc\p18F14K50.asm
                T0CONbits   0x000fd5       data     extern C:\Program Files\Microchip\MCC18\src\traditional\proc\p18F14K50.asm
                    T1CON   0x000fcd       data     extern C:\Program Files\Microchip\MCC18\src\traditional\proc\p18F14K50.asm
                T1CONbits   0x000fcd       data     extern C:\Program Files\Microchip\MCC18\src\traditional\proc\p18F14K50.asm
                    T2CON   0x000fca       data     extern C:\Program Files\Microchip\MCC18\src\traditional\proc\p18F14K50.asm
                T2CONbits   0x000fca       data     extern C:\Program Files\Microchip\MCC18\src\traditional\proc\p18F14K50.asm
                    T3CON   0x000fb1       data     extern C:\Program Files\Microchip\MCC18\src\traditional\proc\p18F14K50.asm
                T3CONbits   0x000fb1       data     extern C:\Program Files\Microchip\MCC18\src\traditional\proc\p18F14K50.asm
                   TABLAT   0x000ff5       data     extern C:\Program Files\Microchip\MCC18\src\traditional\proc\p18F14K50.asm
                   TBLPTR   0x000ff6       data     extern C:\Program Files\Microchip\MCC18\src\traditional\proc\p18F14K50.asm
                  TBLPTRH   0x000ff7       data     extern C:\Program Files\Microchip\MCC18\src\traditional\proc\p18F14K50.asm
                  TBLPTRL   0x000ff6       data     extern C:\Program Files\Microchip\MCC18\src\traditional\proc\p18F14K50.asm
                  TBLPTRU   0x000ff8       data     extern C:\Program Files\Microchip\MCC18\src\traditional\proc\p18F14K50.asm
                    TMR0H   0x000fd7       data     extern C:\Program Files\Microchip\MCC18\src\traditional\proc\p18F14K50.asm
                    TMR0L   0x000fd6       data     extern C:\Program Files\Microchip\MCC18\src\traditional\proc\p18F14K50.asm
                    TMR1H   0x000fcf       data     extern C:\Program Files\Microchip\MCC18\src\traditional\proc\p18F14K50.asm
                    TMR1L   0x000fce       data     extern C:\Program Files\Microchip\MCC18\src\traditional\proc\p18F14K50.asm
                     TMR2   0x000fcc       data     extern C:\Program Files\Microchip\MCC18\src\traditional\proc\p18F14K50.asm
                    TMR3H   0x000fb3       data     extern C:\Program Files\Microchip\MCC18\src\traditional\proc\p18F14K50.asm
                    TMR3L   0x000fb2       data     extern C:\Program Files\Microchip\MCC18\src\traditional\proc\p18F14K50.asm
                      TOS   0x000ffd       data     extern C:\Program Files\Microchip\MCC18\src\traditional\proc\p18F14K50.asm
                     TOSH   0x000ffe       data     extern C:\Program Files\Microchip\MCC18\src\traditional\proc\p18F14K50.asm
                     TOSL   0x000ffd       data     extern C:\Program Files\Microchip\MCC18\src\traditional\proc\p18F14K50.asm
                     TOSU   0x000fff       data     extern C:\Program Files\Microchip\MCC18\src\traditional\proc\p18F14K50.asm
                    TRISA   0x000f92       data     extern C:\Program Files\Microchip\MCC18\src\traditional\proc\p18F14K50.asm
                TRISAbits   0x000f92       data     extern C:\Program Files\Microchip\MCC18\src\traditional\proc\p18F14K50.asm
                    TRISB   0x000f93       data     extern C:\Program Files\Microchip\MCC18\src\traditional\proc\p18F14K50.asm
                TRISBbits   0x000f93       data     extern C:\Program Files\Microchip\MCC18\src\traditional\proc\p18F14K50.asm
                    TRISC   0x000f94       data     extern C:\Program Files\Microchip\MCC18\src\traditional\proc\p18F14K50.asm
                TRISCbits   0x000f94       data     extern C:\Program Files\Microchip\MCC18\src\traditional\proc\p18F14K50.asm
                    TXREG   0x000fad       data     extern C:\Program Files\Microchip\MCC18\src\traditional\proc\p18F14K50.asm
                    TXSTA   0x000fac       data     extern C:\Program Files\Microchip\MCC18\src\traditional\proc\p18F14K50.asm
                TXSTAbits   0x000fac       data     extern C:\Program Files\Microchip\MCC18\src\traditional\proc\p18F14K50.asm
                    UADDR   0x000f5c       data     extern C:\Program Files\Microchip\MCC18\src\traditional\proc\p18F14K50.asm
                UADDRbits   0x000f5c       data     extern C:\Program Files\Microchip\MCC18\src\traditional\proc\p18F14K50.asm
                     UCFG   0x000f61       data     extern C:\Program Files\Microchip\MCC18\src\traditional\proc\p18F14K50.asm
                 UCFGbits   0x000f61       data     extern C:\Program Files\Microchip\MCC18\src\traditional\proc\p18F14K50.asm
                     UCON   0x000f64       data     extern C:\Program Files\Microchip\MCC18\src\traditional\proc\p18F14K50.asm
                 UCONbits   0x000f64       data     extern C:\Program Files\Microchip\MCC18\src\traditional\proc\p18F14K50.asm
                     UEIE   0x000f5b       data     extern C:\Program Files\Microchip\MCC18\src\traditional\proc\p18F14K50.asm
                 UEIEbits   0x000f5b       data     extern C:\Program Files\Microchip\MCC18\src\traditional\proc\p18F14K50.asm
                     UEIR   0x000f5f       data     extern C:\Program Files\Microchip\MCC18\src\traditional\proc\p18F14K50.asm
                 UEIRbits   0x000f5f       data     extern C:\Program Files\Microchip\MCC18\src\traditional\proc\p18F14K50.asm
                     UEP0   0x000f53       data     extern C:\Program Files\Microchip\MCC18\src\traditional\proc\p18F14K50.asm
                 UEP0bits   0x000f53       data     extern C:\Program Files\Microchip\MCC18\src\traditional\proc\p18F14K50.asm
                     UEP1   0x000f54       data     extern C:\Program Files\Microchip\MCC18\src\traditional\proc\p18F14K50.asm
                 UEP1bits   0x000f54       data     extern C:\Program Files\Microchip\MCC18\src\traditional\proc\p18F14K50.asm
                     UEP2   0x000f55       data     extern C:\Program Files\Microchip\MCC18\src\traditional\proc\p18F14K50.asm
                 UEP2bits   0x000f55       data     extern C:\Program Files\Microchip\MCC18\src\traditional\proc\p18F14K50.asm
                     UEP3   0x000f56       data     extern C:\Program Files\Microchip\MCC18\src\traditional\proc\p18F14K50.asm
                 UEP3bits   0x000f56       data     extern C:\Program Files\Microchip\MCC18\src\traditional\proc\p18F14K50.asm
                     UEP4   0x000f57       data     extern C:\Program Files\Microchip\MCC18\src\traditional\proc\p18F14K50.asm
                 UEP4bits   0x000f57       data     extern C:\Program Files\Microchip\MCC18\src\traditional\proc\p18F14K50.asm
                     UEP5   0x000f58       data     extern C:\Program Files\Microchip\MCC18\src\traditional\proc\p18F14K50.asm
                 UEP5bits   0x000f58       data     extern C:\Program Files\Microchip\MCC18\src\traditional\proc\p18F14K50.asm
                     UEP6   0x000f59       data     extern C:\Program Files\Microchip\MCC18\src\traditional\proc\p18F14K50.asm
                 UEP6bits   0x000f59       data     extern C:\Program Files\Microchip\MCC18\src\traditional\proc\p18F14K50.asm
                     UEP7   0x000f5a       data     extern C:\Program Files\Microchip\MCC18\src\traditional\proc\p18F14K50.asm
                 UEP7bits   0x000f5a       data     extern C:\Program Files\Microchip\MCC18\src\traditional\proc\p18F14K50.asm
                    UFRMH   0x000f5e       data     extern C:\Program Files\Microchip\MCC18\src\traditional\proc\p18F14K50.asm
                UFRMHbits   0x000f5e       data     extern C:\Program Files\Microchip\MCC18\src\traditional\proc\p18F14K50.asm
                    UFRML   0x000f5d       data     extern C:\Program Files\Microchip\MCC18\src\traditional\proc\p18F14K50.asm
                UFRMLbits   0x000f5d       data     extern C:\Program Files\Microchip\MCC18\src\traditional\proc\p18F14K50.asm
                      UIE   0x000f60       data     extern C:\Program Files\Microchip\MCC18\src\traditional\proc\p18F14K50.asm
                  UIEbits   0x000f60       data     extern C:\Program Files\Microchip\MCC18\src\traditional\proc\p18F14K50.asm
                      UIR   0x000f62       data     extern C:\Program Files\Microchip\MCC18\src\traditional\proc\p18F14K50.asm
                  UIRbits   0x000f62       data     extern C:\Program Files\Microchip\MCC18\src\traditional\proc\p18F14K50.asm
   USBActiveConfiguration   0x000190       data     extern E:\DAQ projekt\PIC18\Microchip\USB\usb_device.c
    USBAlternateInterface   0x000191       data     extern E:\DAQ projekt\PIC18\Microchip\USB\usb_device.c
           USBDeviceState   0x00018f       data     extern E:\DAQ projekt\PIC18\Microchip\USB\usb_device.c
                USBInData   0x0001bf       data     extern E:\DAQ projekt\PIC18\Microchip\USB\usb_device.c
       USBInMaxPacketSize   0x0001b9       data     extern E:\DAQ projekt\PIC18\Microchip\USB\usb_device.c
            USB_In_Buffer   0x000100       data     extern E:\DAQ projekt\PIC18\common\piccolo_usb.c
           USB_Out_Buffer   0x000140       data     extern E:\DAQ projekt\PIC18\common\piccolo_usb.c
                    USTAT   0x000f63       data     extern C:\Program Files\Microchip\MCC18\src\traditional\proc\p18F14K50.asm
                USTATbits   0x000f63       data     extern C:\Program Files\Microchip\MCC18\src\traditional\proc\p18F14K50.asm
                USTATcopy   0x0001b7       data     extern E:\DAQ projekt\PIC18\Microchip\USB\usb_device.c
                 VREFCON0   0x000fba       data     extern C:\Program Files\Microchip\MCC18\src\traditional\proc\p18F14K50.asm
             VREFCON0bits   0x000fba       data     extern C:\Program Files\Microchip\MCC18\src\traditional\proc\p18F14K50.asm
                 VREFCON1   0x000fbb       data     extern C:\Program Files\Microchip\MCC18\src\traditional\proc\p18F14K50.asm
             VREFCON1bits   0x000fbb       data     extern C:\Program Files\Microchip\MCC18\src\traditional\proc\p18F14K50.asm
                 VREFCON2   0x000fbc       data     extern C:\Program Files\Microchip\MCC18\src\traditional\proc\p18F14K50.asm
             VREFCON2bits   0x000fbc       data     extern C:\Program Files\Microchip\MCC18\src\traditional\proc\p18F14K50.asm
                        W   0x000fe8       data     extern C:\Program Files\Microchip\MCC18\src\traditional\proc\p18F14K50.asm
                   WDTCON   0x000fd1       data     extern C:\Program Files\Microchip\MCC18\src\traditional\proc\p18F14K50.asm
               WDTCONbits   0x000fd1       data     extern C:\Program Files\Microchip\MCC18\src\traditional\proc\p18F14K50.asm
                     WPUA   0x000f77       data     extern C:\Program Files\Microchip\MCC18\src\traditional\proc\p18F14K50.asm
                 WPUAbits   0x000f77       data     extern C:\Program Files\Microchip\MCC18\src\traditional\proc\p18F14K50.asm
                     WPUB   0x000f78       data     extern C:\Program Files\Microchip\MCC18\src\traditional\proc\p18F14K50.asm
                 WPUBbits   0x000f78       data     extern C:\Program Files\Microchip\MCC18\src\traditional\proc\p18F14K50.asm
                     WREG   0x000fe8       data     extern C:\Program Files\Microchip\MCC18\src\traditional\proc\p18F14K50.asm
                 __AARGB0   0x000009       data     extern C:\Program Files\Microchip\MCC18\src\traditional\math\aarg.asm
                 __AARGB1   0x000008       data     extern C:\Program Files\Microchip\MCC18\src\traditional\math\aarg.asm
                 __AARGB2   0x000007       data     extern C:\Program Files\Microchip\MCC18\src\traditional\math\aarg.asm
                 __AARGB3   0x000006       data     extern C:\Program Files\Microchip\MCC18\src\traditional\math\aarg.asm
                 __AARGB4   0x000005       data     extern C:\Program Files\Microchip\MCC18\src\traditional\math\aarg.asm
                 __AARGB5   0x000004       data     extern C:\Program Files\Microchip\MCC18\src\traditional\math\aarg.asm
                 __AARGB6   0x000003       data     extern C:\Program Files\Microchip\MCC18\src\traditional\math\aarg.asm
                 __AARGB7   0x000002       data     extern C:\Program Files\Microchip\MCC18\src\traditional\math\aarg.asm
                   __AEXP   0x00000a       data     extern C:\Program Files\Microchip\MCC18\src\traditional\math\aarg.asm
                 __BARGB0   0x00000e       data     extern C:\Program Files\Microchip\MCC18\src\traditional\math\barg.asm
                 __BARGB1   0x00000d       data     extern C:\Program Files\Microchip\MCC18\src\traditional\math\barg.asm
                 __BARGB2   0x00000c       data     extern C:\Program Files\Microchip\MCC18\src\traditional\math\barg.asm
                 __BARGB3   0x00000b       data     extern C:\Program Files\Microchip\MCC18\src\traditional\math\barg.asm
                   __BEXP   0x00000f       data     extern C:\Program Files\Microchip\MCC18\src\traditional\math\barg.asm
                __FPFLAGS   0x000001       data     extern C:\Program Files\Microchip\MCC18\src\traditional\math\cmath18.asm
            __FPFLAGSbits   0x000001       data     extern C:\Program Files\Microchip\MCC18\src\traditional\math\cmath18.asm
                  __REMB0   0x000005       data     extern C:\Program Files\Microchip\MCC18\src\traditional\math\aarg.asm
                  __REMB1   0x000004       data     extern C:\Program Files\Microchip\MCC18\src\traditional\math\aarg.asm
                  __REMB2   0x000003       data     extern C:\Program Files\Microchip\MCC18\src\traditional\math\aarg.asm
                  __REMB3   0x000002       data     extern C:\Program Files\Microchip\MCC18\src\traditional\math\aarg.asm
                  __tmp_0   0x000010       data     static C:\Program Files\Microchip\MCC18\src\pmc_common\CCP\cp1read.c
                  __tmp_0   0x000010       data     static C:\Program Files\Microchip\MCC18\src\pmc_common\PWM\pw1setdc.c
                  __tmp_0   0x000010       data     static C:\Program Files\Microchip\MCC18\src\pmc_common\ADC\adcread.c
                  __tmp_0   0x000010       data     static E:\DAQ projekt\PIC18\Microchip\USB\CDC Device Driver\usb_function_cdc.c
                  __tmp_0   0x000010       data     static E:\DAQ projekt\PIC18\Microchip\USB\usb_device.c
                  __tmp_0   0x000010       data     static E:\DAQ projekt\PIC18\common\piccolo_usb.c
                  __tmp_0   0x000010       data     static E:\DAQ projekt\PIC18\usb\cdc-demo.c
               adcchannel   0x0000e4       data     extern E:\DAQ projekt\PIC18\usb\cdc-demo.c
           alacsony_szint   0x0000f6       data     extern E:\DAQ projekt\PIC18\usb\cdc-demo.c
              cdc_data_rx   0x000258       data     extern E:\DAQ projekt\PIC18\Microchip\USB\CDC Device Driver\usb_function_cdc.c
              cdc_data_tx   0x000298       data     extern E:\DAQ projekt\PIC18\Microchip\USB\CDC Device Driver\usb_function_cdc.c
             cdc_mem_type   0x0001cc       data     extern E:\DAQ projekt\PIC18\Microchip\USB\CDC Device Driver\usb_function_cdc.c
               cdc_notice   0x000250       data     extern E:\DAQ projekt\PIC18\Microchip\USB\CDC Device Driver\usb_function_cdc.c
               cdc_rx_len   0x0001c5       data     extern E:\DAQ projekt\PIC18\Microchip\USB\CDC Device Driver\usb_function_cdc.c
            cdc_trf_state   0x0001c6       data     extern E:\DAQ projekt\PIC18\Microchip\USB\CDC Device Driver\usb_function_cdc.c
               cdc_tx_len   0x0001cb       data     extern E:\DAQ projekt\PIC18\Microchip\USB\CDC Device Driver\usb_function_cdc.c
                configccp   0x0000fd       data     extern E:\DAQ projekt\PIC18\usb\cdc-demo.c
     controlTransferState   0x0001a7       data     extern E:\DAQ projekt\PIC18\Microchip\USB\usb_device.c
    control_signal_bitmap   0x0001d1       data     extern E:\DAQ projekt\PIC18\Microchip\USB\CDC Device Driver\usb_function_cdc.c
                curr_byte   0x0001e1       data     static C:\Program Files\Microchip\MCC18\src\traditional\startup\c018i.c
               curr_entry   0x0001e3       data     static C:\Program Files\Microchip\MCC18\src\traditional\startup\c018i.c
                     data   0x0000e0       data     extern E:\DAQ projekt\PIC18\usb\cdc-demo.c
                 data_ptr   0x0001e5       data     static C:\Program Files\Microchip\MCC18\src\traditional\startup\c018i.c
              delay_count   0x00018d       data     static E:\DAQ projekt\PIC18\common\piccolo_usb.c
dummy_encapsulated_cmd_response   0x0001d6       data     extern E:\DAQ projekt\PIC18\Microchip\USB\CDC Device Driver\usb_function_cdc.c
                dutycycle   0x0000e8       data     extern E:\DAQ projekt\PIC18\usb\cdc-demo.c
                     flag   0x0000fa       data     extern E:\DAQ projekt\PIC18\usb\cdc-demo.c
               frekvencia   0x0000ee       data     extern E:\DAQ projekt\PIC18\usb\cdc-demo.c
                  inPipes   0x0001a8       data     extern E:\DAQ projekt\PIC18\Microchip\USB\usb_device.c
               inputvalue   0x0000e3       data     extern E:\DAQ projekt\PIC18\usb\cdc-demo.c
                led_count   0x0001ec       data     static E:\DAQ projekt\PIC18\common\piccolo_usb.c
              line_coding   0x0002d8       data     extern E:\DAQ projekt\PIC18\Microchip\USB\CDC Device Driver\usb_function_cdc.c
              magas_szint   0x0000f4       data     extern E:\DAQ projekt\PIC18\usb\cdc-demo.c
                    meres   0x0000e6       data     extern E:\DAQ projekt\PIC18\usb\cdc-demo.c
             numBytesRead   0x0001e8       data     extern E:\DAQ projekt\PIC18\common\piccolo_usb.c
           numBytesToSend   0x0001e9       data     extern E:\DAQ projekt\PIC18\common\piccolo_usb.c
                 outPipes   0x0001ad       data     extern E:\DAQ projekt\PIC18\Microchip\USB\usb_device.c
   pBDTEntryEP0OutCurrent   0x000192       data     extern E:\DAQ projekt\PIC18\Microchip\USB\usb_device.c
      pBDTEntryEP0OutNext   0x000194       data     extern E:\DAQ projekt\PIC18\Microchip\USB\usb_device.c
              pBDTEntryIn   0x00019e       data     extern E:\DAQ projekt\PIC18\Microchip\USB\usb_device.c
             pBDTEntryOut   0x000196       data     extern E:\DAQ projekt\PIC18\Microchip\USB\usb_device.c
                  pCDCDst   0x0001c9       data     extern E:\DAQ projekt\PIC18\Microchip\USB\CDC Device Driver\usb_function_cdc.c
                  pCDCSrc   0x0001c7       data     extern E:\DAQ projekt\PIC18\Microchip\USB\CDC Device Driver\usb_function_cdc.c
                     pDst   0x0001b4       data     extern E:\DAQ projekt\PIC18\Microchip\USB\usb_device.c
                 periodus   0x0000e5       data     extern E:\DAQ projekt\PIC18\usb\cdc-demo.c
                     prom   0x0001de       data     static C:\Program Files\Microchip\MCC18\src\traditional\startup\c018i.c
                        s   0x000181       data     static E:\DAQ projekt\PIC18\common\piccolo_usb.c
        shortPacketStatus   0x0001a6       data     extern E:\DAQ projekt\PIC18\Microchip\USB\usb_device.c
                     sign   0x000180       data     static E:\DAQ projekt\PIC18\common\piccolo_usb.c
                     slew   0x0000fc       data     extern E:\DAQ projekt\PIC18\usb\cdc-demo.c
                   status   0x0000e1       data     extern E:\DAQ projekt\PIC18\usb\cdc-demo.c
                   stderr   0x0001f0       data     extern C:\Program Files\Microchip\MCC18\src\traditional\stdclib\stderr.c
                   stdout   0x0001ee       data     extern C:\Program Files\Microchip\MCC18\src\traditional\stdclib\stdout.c
                sync_mode   0x0000fb       data     extern E:\DAQ projekt\PIC18\usb\cdc-demo.c
              timer_value   0x0000fe       data     extern E:\DAQ projekt\PIC18\usb\cdc-demo.c
                       uc   0x0000f8       data     extern E:\DAQ projekt\PIC18\usb\cdc-demo.c
                       uv   0x0000f9       data     extern E:\DAQ projekt\PIC18\usb\cdc-demo.c



                              Symbols - Sorted by Address
                     Name    Address   Location    Storage File                     
                ---------  ---------  ---------  --------- ---------                
                   _entry   0x000000    program     extern C:\Program Files\Microchip\MCC18\src\traditional\startup\c018i.c
       ___return_lbl00000   0x000004    program     static                          
                   _reset   0x001000    program     extern E:\DAQ projekt\PIC18\include\piccolo_all.h
       ___return_lbl00000   0x001004    program     static                          
        Remapped_High_ISR   0x001008    program     extern E:\DAQ projekt\PIC18\include\piccolo_all.h
       ___return_lbl00001   0x00100c    program     static                          
         Remapped_Low_ISR   0x001018    program     extern E:\DAQ projekt\PIC18\include\piccolo_all.h
       ___return_lbl00002   0x00101c    program     static                          
            USBDeviceInit   0x00105c    program     extern E:\DAQ projekt\PIC18\Microchip\USB\usb_device.c
           USBDeviceTasks   0x001110    program     extern E:\DAQ projekt\PIC18\Microchip\USB\usb_device.c
          USBStallHandler   0x0012a2    program     extern E:\DAQ projekt\PIC18\Microchip\USB\usb_device.c
               USBSuspend   0x0012ea    program     extern E:\DAQ projekt\PIC18\Microchip\USB\usb_device.c
       USBWakeFromSuspend   0x001322    program     extern E:\DAQ projekt\PIC18\Microchip\USB\usb_device.c
         USBCtrlEPService   0x001360    program     extern E:\DAQ projekt\PIC18\Microchip\USB\usb_device.c
   USBCtrlTrfSetupHandler   0x00143a    program     extern E:\DAQ projekt\PIC18\Microchip\USB\usb_device.c
     USBCtrlTrfOutHandler   0x001480    program     extern E:\DAQ projekt\PIC18\Microchip\USB\usb_device.c
      USBCtrlTrfInHandler   0x0014cc    program     extern E:\DAQ projekt\PIC18\Microchip\USB\usb_device.c
USBPrepareForNextSetupTrf   0x001566    program     extern E:\DAQ projekt\PIC18\Microchip\USB\usb_device.c
       USBCheckStdRequest   0x0015ca    program     extern E:\DAQ projekt\PIC18\Microchip\USB\usb_device.c
  USBStdFeatureReqHandler   0x001688    program     extern E:\DAQ projekt\PIC18\Microchip\USB\usb_device.c
      USBStdGetDscHandler   0x001794    program     extern E:\DAQ projekt\PIC18\Microchip\USB\usb_device.c
   USBStdGetStatusHandler   0x001842    program     extern E:\DAQ projekt\PIC18\Microchip\USB\usb_device.c
 USBCtrlEPServiceComplete   0x0018f6    program     extern E:\DAQ projekt\PIC18\Microchip\USB\usb_device.c
      USBCtrlTrfTxService   0x001a9a    program     extern E:\DAQ projekt\PIC18\Microchip\USB\usb_device.c
      USBCtrlTrfRxService   0x001bac    program     extern E:\DAQ projekt\PIC18\Microchip\USB\usb_device.c
      USBStdSetCfgHandler   0x001ce6    program     extern E:\DAQ projekt\PIC18\Microchip\USB\usb_device.c
     USBConfigureEndpoint   0x001d58    program     extern E:\DAQ projekt\PIC18\Microchip\USB\usb_device.c
        USBEnableEndpoint   0x001e22    program     extern E:\DAQ projekt\PIC18\Microchip\USB\usb_device.c
         USBStallEndpoint   0x001e8e    program     extern E:\DAQ projekt\PIC18\Microchip\USB\usb_device.c
     USBTransferOnePacket   0x001f6a    program     extern E:\DAQ projekt\PIC18\Microchip\USB\usb_device.c
    USBClearInterruptFlag   0x002048    program     extern E:\DAQ projekt\PIC18\Microchip\USB\usb_device.c
          USBDeviceDetach   0x00207e    program     extern E:\DAQ projekt\PIC18\Microchip\USB\usb_device.c
          USBDeviceAttach   0x002080    program     extern E:\DAQ projekt\PIC18\Microchip\USB\usb_device.c
               _user_putc   0x0020b0    program     extern E:\DAQ projekt\PIC18\common\piccolo_usb.c
                outString   0x0020f2    program     extern E:\DAQ projekt\PIC18\common\piccolo_usb.c
             usb_cdc_getc   0x00213e    program     extern E:\DAQ projekt\PIC18\common\piccolo_usb.c
                   outdec   0x00215c    program     extern E:\DAQ projekt\PIC18\common\piccolo_usb.c
                  get4hex   0x002342    program     extern E:\DAQ projekt\PIC18\common\piccolo_usb.c
                  out4hex   0x0023fe    program     extern E:\DAQ projekt\PIC18\common\piccolo_usb.c
                  get2hex   0x002516    program     extern E:\DAQ projekt\PIC18\common\piccolo_usb.c
                 delay_ms   0x00259c    program     extern E:\DAQ projekt\PIC18\common\piccolo_usb.c
         InitializeSystem   0x002614    program     extern E:\DAQ projekt\PIC18\common\piccolo_usb.c
                ProcessIO   0x00263c    program     extern E:\DAQ projekt\PIC18\common\piccolo_usb.c
           BlinkUSBStatus   0x0026aa    program     extern E:\DAQ projekt\PIC18\common\piccolo_usb.c
                  ReadPOT   0x002728    program     extern E:\DAQ projekt\PIC18\common\piccolo_usb.c
             USBCBSuspend   0x002790    program     extern E:\DAQ projekt\PIC18\common\piccolo_usb.c
     USBCBWakeFromSuspend   0x002792    program     extern E:\DAQ projekt\PIC18\common\piccolo_usb.c
        USBCB_SOF_Handler   0x002794    program     extern E:\DAQ projekt\PIC18\common\piccolo_usb.c
        USBCBErrorHandler   0x002796    program     extern E:\DAQ projekt\PIC18\common\piccolo_usb.c
       USBCBCheckOtherReq   0x002798    program     extern E:\DAQ projekt\PIC18\common\piccolo_usb.c
    USBCBStdSetDscHandler   0x00279c    program     extern E:\DAQ projekt\PIC18\common\piccolo_usb.c
              USBCBInitEP   0x00279e    program     extern E:\DAQ projekt\PIC18\common\piccolo_usb.c
          USBCBSendResume   0x0027a2    program     extern E:\DAQ projekt\PIC18\common\piccolo_usb.c
USER_USB_CALLBACK_EVENT_HANDLER   0x0027be    program     extern E:\DAQ projekt\PIC18\common\piccolo_usb.c
               __tmplbl_8   0x0027da    program     static                          
               __tmplbl_9   0x0027e6    program     static                          
              __tmplbl_10   0x0027f0    program     static                          
              __tmplbl_11   0x0027fa    program     static                          
              __tmplbl_12   0x002804    program     static                          
              __tmplbl_13   0x00280e    program     static                          
              __tmplbl_14   0x002818    program     static                          
              __tmplbl_15   0x002822    program     static                          
      ___case_21_lbl00088   0x002826    program     static                          
      ___case_22_lbl00089   0x00282a    program     static                          
      ___case_23_lbl00090   0x00282e    program     static                          
       ___case_2_lbl00091   0x002832    program     static                          
       ___case_4_lbl00092   0x002836    program     static                          
       ___case_3_lbl00093   0x00283a    program     static                          
   ___case_65535_lbl00094   0x00283e    program     static                          
       ___case_1_lbl00095   0x002842    program     static                          
      ___default_lbl00096   0x002846    program     static                          
   ___switchexit_lbl00087   0x002848    program     static                          
       ___return_lbl00086   0x00284c    program     static                          
                   hi_isr   0x002854    program     extern E:\DAQ projekt\PIC18\usb\cdc-demo.c
                   lo_isr   0x0028ea    program     extern E:\DAQ projekt\PIC18\usb\cdc-demo.c
                     main   0x00290c    program     extern E:\DAQ projekt\PIC18\usb\cdc-demo.c
                 I2Crutin   0x002ca6    program     extern E:\DAQ projekt\PIC18\usb\cdc-demo.c
       USBCheckCDCRequest   0x002cde    program     extern E:\DAQ projekt\PIC18\Microchip\USB\CDC Device Driver\usb_function_cdc.c
                CDCInitEP   0x002d7a    program     extern E:\DAQ projekt\PIC18\Microchip\USB\CDC Device Driver\usb_function_cdc.c
             getsUSBUSART   0x002de2    program     extern E:\DAQ projekt\PIC18\Microchip\USB\CDC Device Driver\usb_function_cdc.c
              putUSBUSART   0x002ea2    program     extern E:\DAQ projekt\PIC18\Microchip\USB\CDC Device Driver\usb_function_cdc.c
             putsUSBUSART   0x002ed4    program     extern E:\DAQ projekt\PIC18\Microchip\USB\CDC Device Driver\usb_function_cdc.c
            putrsUSBUSART   0x002f58    program     extern E:\DAQ projekt\PIC18\Microchip\USB\CDC Device Driver\usb_function_cdc.c
             CDCTxService   0x002fde    program     extern E:\DAQ projekt\PIC18\Microchip\USB\CDC Device Driver\usb_function_cdc.c
[...]
                    TRISB   0x000f93       data     extern C:\Program Files\Microchip\MCC18\src\traditional\proc\p18F14K50.asm
                 DDRBbits   0x000f93       data     extern C:\Program Files\Microchip\MCC18\src\traditional\proc\p18F14K50.asm
                TRISCbits   0x000f94       data     extern C:\Program Files\Microchip\MCC18\src\traditional\proc\p18F14K50.asm
                    TRISC   0x000f94       data     extern C:\Program Files\Microchip\MCC18\src\traditional\proc\p18F14K50.asm
                 DDRCbits   0x000f94       data     extern C:\Program Files\Microchip\MCC18\src\traditional\proc\p18F14K50.asm
                     DDRC   0x000f94       data     extern C:\Program Files\Microchip\MCC18\src\traditional\proc\p18F14K50.asm
                  OSCTUNE   0x000f9b       data     extern C:\Program Files\Microchip\MCC18\src\traditional\proc\p18F14K50.asm
              OSCTUNEbits   0x000f9b       data     extern C:\Program Files\Microchip\MCC18\src\traditional\proc\p18F14K50.asm
                 PIE1bits   0x000f9d       data     extern C:\Program Files\Microchip\MCC18\src\traditional\proc\p18F14K50.asm
                     PIE1   0x000f9d       data     extern C:\Program Files\Microchip\MCC18\src\traditional\proc\p18F14K50.asm
                     PIR1   0x000f9e       data     extern C:\Program Files\Microchip\MCC18\src\traditional\proc\p18F14K50.asm
                 PIR1bits   0x000f9e       data     extern C:\Program Files\Microchip\MCC18\src\traditional\proc\p18F14K50.asm
                 IPR1bits   0x000f9f       data     extern C:\Program Files\Microchip\MCC18\src\traditional\proc\p18F14K50.asm
                     IPR1   0x000f9f       data     extern C:\Program Files\Microchip\MCC18\src\traditional\proc\p18F14K50.asm
                     PIE2   0x000fa0       data     extern C:\Program Files\Microchip\MCC18\src\traditional\proc\p18F14K50.asm
                 PIE2bits   0x000fa0       data     extern C:\Program Files\Microchip\MCC18\src\traditional\proc\p18F14K50.asm
                 PIR2bits   0x000fa1       data     extern C:\Program Files\Microchip\MCC18\src\traditional\proc\p18F14K50.asm
                     PIR2   0x000fa1       data     extern C:\Program Files\Microchip\MCC18\src\traditional\proc\p18F14K50.asm
                     IPR2   0x000fa2       data     extern C:\Program Files\Microchip\MCC18\src\traditional\proc\p18F14K50.asm
                 IPR2bits   0x000fa2       data     extern C:\Program Files\Microchip\MCC18\src\traditional\proc\p18F14K50.asm
               EECON1bits   0x000fa6       data     extern C:\Program Files\Microchip\MCC18\src\traditional\proc\p18F14K50.asm
                   EECON1   0x000fa6       data     extern C:\Program Files\Microchip\MCC18\src\traditional\proc\p18F14K50.asm
                   EECON2   0x000fa7       data     extern C:\Program Files\Microchip\MCC18\src\traditional\proc\p18F14K50.asm
                   EEDATA   0x000fa8       data     extern C:\Program Files\Microchip\MCC18\src\traditional\proc\p18F14K50.asm
                    EEADR   0x000fa9       data     extern C:\Program Files\Microchip\MCC18\src\traditional\proc\p18F14K50.asm
                EEADRbits   0x000fa9       data     extern C:\Program Files\Microchip\MCC18\src\traditional\proc\p18F14K50.asm
                   EEADRH   0x000faa       data     extern C:\Program Files\Microchip\MCC18\src\traditional\proc\p18F14K50.asm
               EEADRHbits   0x000faa       data     extern C:\Program Files\Microchip\MCC18\src\traditional\proc\p18F14K50.asm
                RCSTAbits   0x000fab       data     extern C:\Program Files\Microchip\MCC18\src\traditional\proc\p18F14K50.asm
                    RCSTA   0x000fab       data     extern C:\Program Files\Microchip\MCC18\src\traditional\proc\p18F14K50.asm
                TXSTAbits   0x000fac       data     extern C:\Program Files\Microchip\MCC18\src\traditional\proc\p18F14K50.asm
                    TXSTA   0x000fac       data     extern C:\Program Files\Microchip\MCC18\src\traditional\proc\p18F14K50.asm
                    TXREG   0x000fad       data     extern C:\Program Files\Microchip\MCC18\src\traditional\proc\p18F14K50.asm
                    RCREG   0x000fae       data     extern C:\Program Files\Microchip\MCC18\src\traditional\proc\p18F14K50.asm
                    SPBRG   0x000faf       data     extern C:\Program Files\Microchip\MCC18\src\traditional\proc\p18F14K50.asm
                   SPBRGH   0x000fb0       data     extern C:\Program Files\Microchip\MCC18\src\traditional\proc\p18F14K50.asm
                    T3CON   0x000fb1       data     extern C:\Program Files\Microchip\MCC18\src\traditional\proc\p18F14K50.asm
                T3CONbits   0x000fb1       data     extern C:\Program Files\Microchip\MCC18\src\traditional\proc\p18F14K50.asm
                    TMR3L   0x000fb2       data     extern C:\Program Files\Microchip\MCC18\src\traditional\proc\p18F14K50.asm
                    TMR3H   0x000fb3       data     extern C:\Program Files\Microchip\MCC18\src\traditional\proc\p18F14K50.asm
              ECCP1ASbits   0x000fb6       data     extern C:\Program Files\Microchip\MCC18\src\traditional\proc\p18F14K50.asm
                  ECCP1AS   0x000fb6       data     extern C:\Program Files\Microchip\MCC18\src\traditional\proc\p18F14K50.asm
                  PWM1CON   0x000fb7       data     extern C:\Program Files\Microchip\MCC18\src\traditional\proc\p18F14K50.asm
              PWM1CONbits   0x000fb7       data     extern C:\Program Files\Microchip\MCC18\src\traditional\proc\p18F14K50.asm
              BAUDCTLbits   0x000fb8       data     extern C:\Program Files\Microchip\MCC18\src\traditional\proc\p18F14K50.asm
                  BAUDCTL   0x000fb8       data     extern C:\Program Files\Microchip\MCC18\src\traditional\proc\p18F14K50.asm
              BAUDCONbits   0x000fb8       data     extern C:\Program Files\Microchip\MCC18\src\traditional\proc\p18F14K50.asm
                  BAUDCON   0x000fb8       data     extern C:\Program Files\Microchip\MCC18\src\traditional\proc\p18F14K50.asm
              PSTRCONbits   0x000fb9       data     extern C:\Program Files\Microchip\MCC18\src\traditional\proc\p18F14K50.asm
                  PSTRCON   0x000fb9       data     extern C:\Program Files\Microchip\MCC18\src\traditional\proc\p18F14K50.asm
             VREFCON0bits   0x000fba       data     extern C:\Program Files\Microchip\MCC18\src\traditional\proc\p18F14K50.asm
                 VREFCON0   0x000fba       data     extern C:\Program Files\Microchip\MCC18\src\traditional\proc\p18F14K50.asm
                  REFCON0   0x000fba       data     extern C:\Program Files\Microchip\MCC18\src\traditional\proc\p18F14K50.asm
              REFCON0bits   0x000fba       data     extern C:\Program Files\Microchip\MCC18\src\traditional\proc\p18F14K50.asm
                 VREFCON1   0x000fbb       data     extern C:\Program Files\Microchip\MCC18\src\traditional\proc\p18F14K50.asm
             VREFCON1bits   0x000fbb       data     extern C:\Program Files\Microchip\MCC18\src\traditional\proc\p18F14K50.asm
                  REFCON1   0x000fbb       data     extern C:\Program Files\Microchip\MCC18\src\traditional\proc\p18F14K50.asm
              REFCON1bits   0x000fbb       data     extern C:\Program Files\Microchip\MCC18\src\traditional\proc\p18F14K50.asm
                  REFCON2   0x000fbc       data     extern C:\Program Files\Microchip\MCC18\src\traditional\proc\p18F14K50.asm
              REFCON2bits   0x000fbc       data     extern C:\Program Files\Microchip\MCC18\src\traditional\proc\p18F14K50.asm
             VREFCON2bits   0x000fbc       data     extern C:\Program Files\Microchip\MCC18\src\traditional\proc\p18F14K50.asm
                 VREFCON2   0x000fbc       data     extern C:\Program Files\Microchip\MCC18\src\traditional\proc\p18F14K50.asm
              CCP1CONbits   0x000fbd       data     extern C:\Program Files\Microchip\MCC18\src\traditional\proc\p18F14K50.asm
                  CCP1CON   0x000fbd       data     extern C:\Program Files\Microchip\MCC18\src\traditional\proc\p18F14K50.asm
                   CCPR1L   0x000fbe       data     extern C:\Program Files\Microchip\MCC18\src\traditional\proc\p18F14K50.asm
                    CCPR1   0x000fbe       data     extern C:\Program Files\Microchip\MCC18\src\traditional\proc\p18F14K50.asm
                   CCPR1H   0x000fbf       data     extern C:\Program Files\Microchip\MCC18\src\traditional\proc\p18F14K50.asm
               ADCON2bits   0x000fc0       data     extern C:\Program Files\Microchip\MCC18\src\traditional\proc\p18F14K50.asm
                   ADCON2   0x000fc0       data     extern C:\Program Files\Microchip\MCC18\src\traditional\proc\p18F14K50.asm
               ADCON1bits   0x000fc1       data     extern C:\Program Files\Microchip\MCC18\src\traditional\proc\p18F14K50.asm
                   ADCON1   0x000fc1       data     extern C:\Program Files\Microchip\MCC18\src\traditional\proc\p18F14K50.asm
                   ADCON0   0x000fc2       data     extern C:\Program Files\Microchip\MCC18\src\traditional\proc\p18F14K50.asm
               ADCON0bits   0x000fc2       data     extern C:\Program Files\Microchip\MCC18\src\traditional\proc\p18F14K50.asm
                    ADRES   0x000fc3       data     extern C:\Program Files\Microchip\MCC18\src\traditional\proc\p18F14K50.asm
                   ADRESL   0x000fc3       data     extern C:\Program Files\Microchip\MCC18\src\traditional\proc\p18F14K50.asm
                   ADRESH   0x000fc4       data     extern C:\Program Files\Microchip\MCC18\src\traditional\proc\p18F14K50.asm
                  SSPCON2   0x000fc5       data     extern C:\Program Files\Microchip\MCC18\src\traditional\proc\p18F14K50.asm
              SSPCON2bits   0x000fc5       data     extern C:\Program Files\Microchip\MCC18\src\traditional\proc\p18F14K50.asm
                  SSPCON1   0x000fc6       data     extern C:\Program Files\Microchip\MCC18\src\traditional\proc\p18F14K50.asm
              SSPCON1bits   0x000fc6       data     extern C:\Program Files\Microchip\MCC18\src\traditional\proc\p18F14K50.asm
                  SSPSTAT   0x000fc7       data     extern C:\Program Files\Microchip\MCC18\src\traditional\proc\p18F14K50.asm
              SSPSTATbits   0x000fc7       data     extern C:\Program Files\Microchip\MCC18\src\traditional\proc\p18F14K50.asm
                   SSPADD   0x000fc8       data     extern C:\Program Files\Microchip\MCC18\src\traditional\proc\p18F14K50.asm
                   SSPBUF   0x000fc9       data     extern C:\Program Files\Microchip\MCC18\src\traditional\proc\p18F14K50.asm
                T2CONbits   0x000fca       data     extern C:\Program Files\Microchip\MCC18\src\traditional\proc\p18F14K50.asm
                    T2CON   0x000fca       data     extern C:\Program Files\Microchip\MCC18\src\traditional\proc\p18F14K50.asm
                      PR2   0x000fcb       data     extern C:\Program Files\Microchip\MCC18\src\traditional\proc\p18F14K50.asm
                     TMR2   0x000fcc       data     extern C:\Program Files\Microchip\MCC18\src\traditional\proc\p18F14K50.asm
                    T1CON   0x000fcd       data     extern C:\Program Files\Microchip\MCC18\src\traditional\proc\p18F14K50.asm
                T1CONbits   0x000fcd       data     extern C:\Program Files\Microchip\MCC18\src\traditional\proc\p18F14K50.asm
                    TMR1L   0x000fce       data     extern C:\Program Files\Microchip\MCC18\src\traditional\proc\p18F14K50.asm
                    TMR1H   0x000fcf       data     extern C:\Program Files\Microchip\MCC18\src\traditional\proc\p18F14K50.asm
                     RCON   0x000fd0       data     extern C:\Program Files\Microchip\MCC18\src\traditional\proc\p18F14K50.asm
                 RCONbits   0x000fd0       data     extern C:\Program Files\Microchip\MCC18\src\traditional\proc\p18F14K50.asm
                   WDTCON   0x000fd1       data     extern C:\Program Files\Microchip\MCC18\src\traditional\proc\p18F14K50.asm
               WDTCONbits   0x000fd1       data     extern C:\Program Files\Microchip\MCC18\src\traditional\proc\p18F14K50.asm
                  OSCCON2   0x000fd2       data     extern C:\Program Files\Microchip\MCC18\src\traditional\proc\p18F14K50.asm
              OSCCON2bits   0x000fd2       data     extern C:\Program Files\Microchip\MCC18\src\traditional\proc\p18F14K50.asm
                   OSCCON   0x000fd3       data     extern C:\Program Files\Microchip\MCC18\src\traditional\proc\p18F14K50.asm
               OSCCONbits   0x000fd3       data     extern C:\Program Files\Microchip\MCC18\src\traditional\proc\p18F14K50.asm
                    T0CON   0x000fd5       data     extern C:\Program Files\Microchip\MCC18\src\traditional\proc\p18F14K50.asm
                T0CONbits   0x000fd5       data     extern C:\Program Files\Microchip\MCC18\src\traditional\proc\p18F14K50.asm
                    TMR0L   0x000fd6       data     extern C:\Program Files\Microchip\MCC18\src\traditional\proc\p18F14K50.asm
                    TMR0H   0x000fd7       data     extern C:\Program Files\Microchip\MCC18\src\traditional\proc\p18F14K50.asm
                   STATUS   0x000fd8       data     extern C:\Program Files\Microchip\MCC18\src\traditional\proc\p18F14K50.asm
               STATUSbits   0x000fd8       data     extern C:\Program Files\Microchip\MCC18\src\traditional\proc\p18F14K50.asm
                    FSR2L   0x000fd9       data     extern C:\Program Files\Microchip\MCC18\src\traditional\proc\p18F14K50.asm
                     FSR2   0x000fd9       data     extern C:\Program Files\Microchip\MCC18\src\traditional\proc\p18F14K50.asm
                    FSR2H   0x000fda       data     extern C:\Program Files\Microchip\MCC18\src\traditional\proc\p18F14K50.asm
                   PLUSW2   0x000fdb       data     extern C:\Program Files\Microchip\MCC18\src\traditional\proc\p18F14K50.asm
                  PREINC2   0x000fdc       data     extern C:\Program Files\Microchip\MCC18\src\traditional\proc\p18F14K50.asm
                 POSTDEC2   0x000fdd       data     extern C:\Program Files\Microchip\MCC18\src\traditional\proc\p18F14K50.asm
                 POSTINC2   0x000fde       data     extern C:\Program Files\Microchip\MCC18\src\traditional\proc\p18F14K50.asm
                    INDF2   0x000fdf       data     extern C:\Program Files\Microchip\MCC18\src\traditional\proc\p18F14K50.asm
                      BSR   0x000fe0       data     extern C:\Program Files\Microchip\MCC18\src\traditional\proc\p18F14K50.asm
                    FSR1L   0x000fe1       data     extern C:\Program Files\Microchip\MCC18\src\traditional\proc\p18F14K50.asm
                     FSR1   0x000fe1       data     extern C:\Program Files\Microchip\MCC18\src\traditional\proc\p18F14K50.asm
                    FSR1H   0x000fe2       data     extern C:\Program Files\Microchip\MCC18\src\traditional\proc\p18F14K50.asm
                   PLUSW1   0x000fe3       data     extern C:\Program Files\Microchip\MCC18\src\traditional\proc\p18F14K50.asm
                  PREINC1   0x000fe4       data     extern C:\Program Files\Microchip\MCC18\src\traditional\proc\p18F14K50.asm
                 POSTDEC1   0x000fe5       data     extern C:\Program Files\Microchip\MCC18\src\traditional\proc\p18F14K50.asm
                 POSTINC1   0x000fe6       data     extern C:\Program Files\Microchip\MCC18\src\traditional\proc\p18F14K50.asm
                    INDF1   0x000fe7       data     extern C:\Program Files\Microchip\MCC18\src\traditional\proc\p18F14K50.asm
                     WREG   0x000fe8       data     extern C:\Program Files\Microchip\MCC18\src\traditional\proc\p18F14K50.asm
                        W   0x000fe8       data     extern C:\Program Files\Microchip\MCC18\src\traditional\proc\p18F14K50.asm
                     FSR0   0x000fe9       data     extern C:\Program Files\Microchip\MCC18\src\traditional\proc\p18F14K50.asm
                    FSR0L   0x000fe9       data     extern C:\Program Files\Microchip\MCC18\src\traditional\proc\p18F14K50.asm
                    FSR0H   0x000fea       data     extern C:\Program Files\Microchip\MCC18\src\traditional\proc\p18F14K50.asm
                   PLUSW0   0x000feb       data     extern C:\Program Files\Microchip\MCC18\src\traditional\proc\p18F14K50.asm
                  PREINC0   0x000fec       data     extern C:\Program Files\Microchip\MCC18\src\traditional\proc\p18F14K50.asm
                 POSTDEC0   0x000fed       data     extern C:\Program Files\Microchip\MCC18\src\traditional\proc\p18F14K50.asm
                 POSTINC0   0x000fee       data     extern C:\Program Files\Microchip\MCC18\src\traditional\proc\p18F14K50.asm
                    INDF0   0x000fef       data     extern C:\Program Files\Microchip\MCC18\src\traditional\proc\p18F14K50.asm
              INTCON3bits   0x000ff0       data     extern C:\Program Files\Microchip\MCC18\src\traditional\proc\p18F14K50.asm
                  INTCON3   0x000ff0       data     extern C:\Program Files\Microchip\MCC18\src\traditional\proc\p18F14K50.asm
              INTCON2bits   0x000ff1       data     extern C:\Program Files\Microchip\MCC18\src\traditional\proc\p18F14K50.asm
                  INTCON2   0x000ff1       data     extern C:\Program Files\Microchip\MCC18\src\traditional\proc\p18F14K50.asm
               INTCONbits   0x000ff2       data     extern C:\Program Files\Microchip\MCC18\src\traditional\proc\p18F14K50.asm
                   INTCON   0x000ff2       data     extern C:\Program Files\Microchip\MCC18\src\traditional\proc\p18F14K50.asm
                    PRODL   0x000ff3       data     extern C:\Program Files\Microchip\MCC18\src\traditional\proc\p18F14K50.asm
                     PROD   0x000ff3       data     extern C:\Program Files\Microchip\MCC18\src\traditional\proc\p18F14K50.asm
                    PRODH   0x000ff4       data     extern C:\Program Files\Microchip\MCC18\src\traditional\proc\p18F14K50.asm
                   TABLAT   0x000ff5       data     extern C:\Program Files\Microchip\MCC18\src\traditional\proc\p18F14K50.asm
                   TBLPTR   0x000ff6       data     extern C:\Program Files\Microchip\MCC18\src\traditional\proc\p18F14K50.asm
                  TBLPTRL   0x000ff6       data     extern C:\Program Files\Microchip\MCC18\src\traditional\proc\p18F14K50.asm
                  TBLPTRH   0x000ff7       data     extern C:\Program Files\Microchip\MCC18\src\traditional\proc\p18F14K50.asm
                  TBLPTRU   0x000ff8       data     extern C:\Program Files\Microchip\MCC18\src\traditional\proc\p18F14K50.asm
                      PCL   0x000ff9       data     extern C:\Program Files\Microchip\MCC18\src\traditional\proc\p18F14K50.asm
                       PC   0x000ff9       data     extern C:\Program Files\Microchip\MCC18\src\traditional\proc\p18F14K50.asm
                   PCLATH   0x000ffa       data     extern C:\Program Files\Microchip\MCC18\src\traditional\proc\p18F14K50.asm
                   PCLATU   0x000ffb       data     extern C:\Program Files\Microchip\MCC18\src\traditional\proc\p18F14K50.asm
               STKPTRbits   0x000ffc       data     extern C:\Program Files\Microchip\MCC18\src\traditional\proc\p18F14K50.asm
                   STKPTR   0x000ffc       data     extern C:\Program Files\Microchip\MCC18\src\traditional\proc\p18F14K50.asm
                      TOS   0x000ffd       data     extern C:\Program Files\Microchip\MCC18\src\traditional\proc\p18F14K50.asm
                     TOSL   0x000ffd       data     extern C:\Program Files\Microchip\MCC18\src\traditional\proc\p18F14K50.asm
                     TOSH   0x000ffe       data     extern C:\Program Files\Microchip\MCC18\src\traditional\proc\p18F14K50.asm
                     TOSU   0x000fff       data     extern C:\Program Files\Microchip\MCC18\src\traditional\proc\p18F14K50.asm


